Component: Arm Compiler for Embedded 6.22 Tool: armlink [5ee90200]

==============================================================================

Section Cross References

    startup_pt32y003x.o(RESET) refers to startup_pt32y003x.o(STACK) for __initial_sp
    startup_pt32y003x.o(RESET) refers to lto-llvm-c3c3ac.o(.text.NMI_Handler) for NMI_Handler
    startup_pt32y003x.o(RESET) refers to lto-llvm-c3c3ac.o(.text.HardFault_Handler) for HardFault_Handler
    startup_pt32y003x.o(RESET) refers to lto-llvm-c3c3ac.o(.text.SVC_Handler) for SVC_Handler
    startup_pt32y003x.o(RESET) refers to lto-llvm-c3c3ac.o(.text.PendSV_Handler) for PendSV_Handler
    startup_pt32y003x.o(RESET) refers to lto-llvm-c3c3ac.o(.text.SysTick_Handler) for SysTick_Handler
    startup_pt32y003x.o(RESET) refers to lto-llvm-c3c3ac.o(.text.IMMC_Handler) for IMMC_Handler
    startup_pt32y003x.o(RESET) refers to lto-llvm-c3c3ac.o(.text.EXTIA_Handler) for EXTIA_Handler
    startup_pt32y003x.o(RESET) refers to lto-llvm-c3c3ac.o(.text.EXTIB_Handler) for EXTIB_Handler
    startup_pt32y003x.o(RESET) refers to lto-llvm-c3c3ac.o(.text.EXTIC_Handler) for EXTIC_Handler
    startup_pt32y003x.o(RESET) refers to lto-llvm-c3c3ac.o(.text.EXTID_Handler) for EXTID_Handler
    startup_pt32y003x.o(RESET) refers to lto-llvm-c3c3ac.o(.text.ADC_Handler) for ADC_Handler
    startup_pt32y003x.o(RESET) refers to lto-llvm-c3c3ac.o(.text.TIM1_Handler) for TIM1_Handler
    startup_pt32y003x.o(RESET) refers to lto-llvm-c3c3ac.o(.text.TIM4_Handler) for TIM4_Handler
    startup_pt32y003x.o(RESET) refers to lto-llvm-c3c3ac.o(.text.TIM3_Handler) for TIM3_Handler
    startup_pt32y003x.o(RESET) refers to lto-llvm-c3c3ac.o(.text.TIM2_Handler) for TIM2_Handler
    startup_pt32y003x.o(RESET) refers to lto-llvm-c3c3ac.o(.text.PVD_Handler) for PVD_Handler
    startup_pt32y003x.o(RESET) refers to lto-llvm-c3c3ac.o(.text.I2C0_Handler) for I2C0_Handler
    startup_pt32y003x.o(RESET) refers to lto-llvm-c3c3ac.o(.text.SPI0_Handler) for SPI0_Handler
    startup_pt32y003x.o(RESET) refers to lto-llvm-c3c3ac.o(.text.UART0_Handler) for UART0_Handler
    startup_pt32y003x.o(RESET) refers to lto-llvm-c3c3ac.o(.text.UART1_Handler) for UART1_Handler
    startup_pt32y003x.o(RESET) refers to lto-llvm-c3c3ac.o(.text.SystemInit) for SystemInit
    startup_pt32y003x.o(RESET) refers to entry.o(.ARM.Collect$$$$00000000) for __main
    entry.o(.ARM.Collect$$$$00000000) refers (Special) to entry10a.o(.ARM.Collect$$$$0000000D) for __rt_final_cpp
    entry.o(.ARM.Collect$$$$00000000) refers (Special) to entry11a.o(.ARM.Collect$$$$0000000F) for __rt_final_exit
    entry.o(.ARM.Collect$$$$00000000) refers (Special) to entry7b.o(.ARM.Collect$$$$00000008) for _main_clock
    entry.o(.ARM.Collect$$$$00000000) refers (Special) to entry8b.o(.ARM.Collect$$$$0000000A) for _main_cpp_init
    entry.o(.ARM.Collect$$$$00000000) refers (Special) to entry9a.o(.ARM.Collect$$$$0000000B) for _main_init
    entry.o(.ARM.Collect$$$$00000000) refers (Special) to entry5.o(.ARM.Collect$$$$00000004) for _main_scatterload
    entry.o(.ARM.Collect$$$$00000000) refers (Special) to entry2.o(.ARM.Collect$$$$00000001) for _main_stk
    printfb.o(i.__0fprintf$bare) refers to printfb.o(i._printf_core) for _printf_core
    printfb.o(i.__0fprintf$bare) refers to lto-llvm-c3c3ac.o(.text.fputc) for fputc
    printfb.o(i.__0printf$bare) refers to printfb.o(i._printf_core) for _printf_core
    printfb.o(i.__0printf$bare) refers to lto-llvm-c3c3ac.o(.text.fputc) for fputc
    printfb.o(i.__0printf$bare) refers to stdout.o(.data) for __stdout
    printfb.o(i.__0snprintf$bare) refers to printfb.o(i._printf_core) for _printf_core
    printfb.o(i.__0snprintf$bare) refers to printfb.o(i._snputc) for _snputc
    printfb.o(i.__0sprintf$bare) refers to printfb.o(i._printf_core) for _printf_core
    printfb.o(i.__0sprintf$bare) refers to printfb.o(i._sputc) for _sputc
    printfb.o(i.__0vfprintf$bare) refers to printfb.o(i._printf_core) for _printf_core
    printfb.o(i.__0vfprintf$bare) refers to lto-llvm-c3c3ac.o(.text.fputc) for fputc
    printfb.o(i.__0vprintf$bare) refers to printfb.o(i._printf_core) for _printf_core
    printfb.o(i.__0vprintf$bare) refers to lto-llvm-c3c3ac.o(.text.fputc) for fputc
    printfb.o(i.__0vprintf$bare) refers to stdout.o(.data) for __stdout
    printfb.o(i.__0vsnprintf$bare) refers to printfb.o(i._printf_core) for _printf_core
    printfb.o(i.__0vsnprintf$bare) refers to printfb.o(i._snputc) for _snputc
    printfb.o(i.__0vsprintf$bare) refers to printfb.o(i._printf_core) for _printf_core
    printfb.o(i.__0vsprintf$bare) refers to printfb.o(i._sputc) for _sputc
    printf0.o(i.__0fprintf$0) refers to printf0.o(i._printf_core) for _printf_core
    printf0.o(i.__0fprintf$0) refers to lto-llvm-c3c3ac.o(.text.fputc) for fputc
    printf0.o(i.__0printf$0) refers to printf0.o(i._printf_core) for _printf_core
    printf0.o(i.__0printf$0) refers to lto-llvm-c3c3ac.o(.text.fputc) for fputc
    printf0.o(i.__0printf$0) refers to stdout.o(.data) for __stdout
    printf0.o(i.__0snprintf$0) refers to printf0.o(i._printf_core) for _printf_core
    printf0.o(i.__0snprintf$0) refers to printf0.o(i._snputc) for _snputc
    printf0.o(i.__0sprintf$0) refers to printf0.o(i._printf_core) for _printf_core
    printf0.o(i.__0sprintf$0) refers to printf0.o(i._sputc) for _sputc
    printf0.o(i.__0vfprintf$0) refers to printf0.o(i._printf_core) for _printf_core
    printf0.o(i.__0vfprintf$0) refers to lto-llvm-c3c3ac.o(.text.fputc) for fputc
    printf0.o(i.__0vprintf$0) refers to printf0.o(i._printf_core) for _printf_core
    printf0.o(i.__0vprintf$0) refers to lto-llvm-c3c3ac.o(.text.fputc) for fputc
    printf0.o(i.__0vprintf$0) refers to stdout.o(.data) for __stdout
    printf0.o(i.__0vsnprintf$0) refers to printf0.o(i._printf_core) for _printf_core
    printf0.o(i.__0vsnprintf$0) refers to printf0.o(i._snputc) for _snputc
    printf0.o(i.__0vsprintf$0) refers to printf0.o(i._printf_core) for _printf_core
    printf0.o(i.__0vsprintf$0) refers to printf0.o(i._sputc) for _sputc
    printf1.o(i.__0fprintf$1) refers to printf1.o(i._printf_core) for _printf_core
    printf1.o(i.__0fprintf$1) refers to lto-llvm-c3c3ac.o(.text.fputc) for fputc
    printf1.o(i.__0printf$1) refers to printf1.o(i._printf_core) for _printf_core
    printf1.o(i.__0printf$1) refers to lto-llvm-c3c3ac.o(.text.fputc) for fputc
    printf1.o(i.__0printf$1) refers to stdout.o(.data) for __stdout
    printf1.o(i.__0snprintf$1) refers to printf1.o(i._printf_core) for _printf_core
    printf1.o(i.__0snprintf$1) refers to printf1.o(i._snputc) for _snputc
    printf1.o(i.__0sprintf$1) refers to printf1.o(i._printf_core) for _printf_core
    printf1.o(i.__0sprintf$1) refers to printf1.o(i._sputc) for _sputc
    printf1.o(i.__0vfprintf$1) refers to printf1.o(i._printf_core) for _printf_core
    printf1.o(i.__0vfprintf$1) refers to lto-llvm-c3c3ac.o(.text.fputc) for fputc
    printf1.o(i.__0vprintf$1) refers to printf1.o(i._printf_core) for _printf_core
    printf1.o(i.__0vprintf$1) refers to lto-llvm-c3c3ac.o(.text.fputc) for fputc
    printf1.o(i.__0vprintf$1) refers to stdout.o(.data) for __stdout
    printf1.o(i.__0vsnprintf$1) refers to printf1.o(i._printf_core) for _printf_core
    printf1.o(i.__0vsnprintf$1) refers to printf1.o(i._snputc) for _snputc
    printf1.o(i.__0vsprintf$1) refers to printf1.o(i._printf_core) for _printf_core
    printf1.o(i.__0vsprintf$1) refers to printf1.o(i._sputc) for _sputc
    printf1.o(i._printf_core) refers to uidiv_div0.o(.text) for __aeabi_uidivmod
    printf2.o(i.__0fprintf$2) refers to printf2.o(i._printf_core) for _printf_core
    printf2.o(i.__0fprintf$2) refers to lto-llvm-c3c3ac.o(.text.fputc) for fputc
    printf2.o(i.__0printf$2) refers to printf2.o(i._printf_core) for _printf_core
    printf2.o(i.__0printf$2) refers to lto-llvm-c3c3ac.o(.text.fputc) for fputc
    printf2.o(i.__0printf$2) refers to stdout.o(.data) for __stdout
    printf2.o(i.__0snprintf$2) refers to printf2.o(i._printf_core) for _printf_core
    printf2.o(i.__0snprintf$2) refers to printf2.o(i._snputc) for _snputc
    printf2.o(i.__0sprintf$2) refers to printf2.o(i._printf_core) for _printf_core
    printf2.o(i.__0sprintf$2) refers to printf2.o(i._sputc) for _sputc
    printf2.o(i.__0vfprintf$2) refers to printf2.o(i._printf_core) for _printf_core
    printf2.o(i.__0vfprintf$2) refers to lto-llvm-c3c3ac.o(.text.fputc) for fputc
    printf2.o(i.__0vprintf$2) refers to printf2.o(i._printf_core) for _printf_core
    printf2.o(i.__0vprintf$2) refers to lto-llvm-c3c3ac.o(.text.fputc) for fputc
    printf2.o(i.__0vprintf$2) refers to stdout.o(.data) for __stdout
    printf2.o(i.__0vsnprintf$2) refers to printf2.o(i._printf_core) for _printf_core
    printf2.o(i.__0vsnprintf$2) refers to printf2.o(i._snputc) for _snputc
    printf2.o(i.__0vsprintf$2) refers to printf2.o(i._printf_core) for _printf_core
    printf2.o(i.__0vsprintf$2) refers to printf2.o(i._sputc) for _sputc
    printf3.o(i.__0fprintf$3) refers to printf3.o(i._printf_core) for _printf_core
    printf3.o(i.__0fprintf$3) refers to lto-llvm-c3c3ac.o(.text.fputc) for fputc
    printf3.o(i.__0printf$3) refers to printf3.o(i._printf_core) for _printf_core
    printf3.o(i.__0printf$3) refers to lto-llvm-c3c3ac.o(.text.fputc) for fputc
    printf3.o(i.__0printf$3) refers to stdout.o(.data) for __stdout
    printf3.o(i.__0snprintf$3) refers to printf3.o(i._printf_core) for _printf_core
    printf3.o(i.__0snprintf$3) refers to printf3.o(i._snputc) for _snputc
    printf3.o(i.__0sprintf$3) refers to printf3.o(i._printf_core) for _printf_core
    printf3.o(i.__0sprintf$3) refers to printf3.o(i._sputc) for _sputc
    printf3.o(i.__0vfprintf$3) refers to printf3.o(i._printf_core) for _printf_core
    printf3.o(i.__0vfprintf$3) refers to lto-llvm-c3c3ac.o(.text.fputc) for fputc
    printf3.o(i.__0vprintf$3) refers to printf3.o(i._printf_core) for _printf_core
    printf3.o(i.__0vprintf$3) refers to lto-llvm-c3c3ac.o(.text.fputc) for fputc
    printf3.o(i.__0vprintf$3) refers to stdout.o(.data) for __stdout
    printf3.o(i.__0vsnprintf$3) refers to printf3.o(i._printf_core) for _printf_core
    printf3.o(i.__0vsnprintf$3) refers to printf3.o(i._snputc) for _snputc
    printf3.o(i.__0vsprintf$3) refers to printf3.o(i._printf_core) for _printf_core
    printf3.o(i.__0vsprintf$3) refers to printf3.o(i._sputc) for _sputc
    printf3.o(i._printf_core) refers to uidiv_div0.o(.text) for __aeabi_uidivmod
    printf4.o(i.__0fprintf$4) refers to printf4.o(i._printf_core) for _printf_core
    printf4.o(i.__0fprintf$4) refers to lto-llvm-c3c3ac.o(.text.fputc) for fputc
    printf4.o(i.__0printf$4) refers to printf4.o(i._printf_core) for _printf_core
    printf4.o(i.__0printf$4) refers to lto-llvm-c3c3ac.o(.text.fputc) for fputc
    printf4.o(i.__0printf$4) refers to stdout.o(.data) for __stdout
    printf4.o(i.__0snprintf$4) refers to printf4.o(i._printf_core) for _printf_core
    printf4.o(i.__0snprintf$4) refers to printf4.o(i._snputc) for _snputc
    printf4.o(i.__0sprintf$4) refers to printf4.o(i._printf_core) for _printf_core
    printf4.o(i.__0sprintf$4) refers to printf4.o(i._sputc) for _sputc
    printf4.o(i.__0vfprintf$4) refers to printf4.o(i._printf_core) for _printf_core
    printf4.o(i.__0vfprintf$4) refers to lto-llvm-c3c3ac.o(.text.fputc) for fputc
    printf4.o(i.__0vprintf$4) refers to printf4.o(i._printf_core) for _printf_core
    printf4.o(i.__0vprintf$4) refers to lto-llvm-c3c3ac.o(.text.fputc) for fputc
    printf4.o(i.__0vprintf$4) refers to stdout.o(.data) for __stdout
    printf4.o(i.__0vsnprintf$4) refers to printf4.o(i._printf_core) for _printf_core
    printf4.o(i.__0vsnprintf$4) refers to printf4.o(i._snputc) for _snputc
    printf4.o(i.__0vsprintf$4) refers to printf4.o(i._printf_core) for _printf_core
    printf4.o(i.__0vsprintf$4) refers to printf4.o(i._sputc) for _sputc
    printf4.o(i._printf_core) refers to uldiv.o(.text) for __aeabi_uldivmod
    printf5.o(i.__0fprintf$5) refers to printf5.o(i._printf_core) for _printf_core
    printf5.o(i.__0fprintf$5) refers to lto-llvm-c3c3ac.o(.text.fputc) for fputc
    printf5.o(i.__0printf$5) refers to printf5.o(i._printf_core) for _printf_core
    printf5.o(i.__0printf$5) refers to lto-llvm-c3c3ac.o(.text.fputc) for fputc
    printf5.o(i.__0printf$5) refers to stdout.o(.data) for __stdout
    printf5.o(i.__0snprintf$5) refers to printf5.o(i._printf_core) for _printf_core
    printf5.o(i.__0snprintf$5) refers to printf5.o(i._snputc) for _snputc
    printf5.o(i.__0sprintf$5) refers to printf5.o(i._printf_core) for _printf_core
    printf5.o(i.__0sprintf$5) refers to printf5.o(i._sputc) for _sputc
    printf5.o(i.__0vfprintf$5) refers to printf5.o(i._printf_core) for _printf_core
    printf5.o(i.__0vfprintf$5) refers to lto-llvm-c3c3ac.o(.text.fputc) for fputc
    printf5.o(i.__0vprintf$5) refers to printf5.o(i._printf_core) for _printf_core
    printf5.o(i.__0vprintf$5) refers to lto-llvm-c3c3ac.o(.text.fputc) for fputc
    printf5.o(i.__0vprintf$5) refers to stdout.o(.data) for __stdout
    printf5.o(i.__0vsnprintf$5) refers to printf5.o(i._printf_core) for _printf_core
    printf5.o(i.__0vsnprintf$5) refers to printf5.o(i._snputc) for _snputc
    printf5.o(i.__0vsprintf$5) refers to printf5.o(i._printf_core) for _printf_core
    printf5.o(i.__0vsprintf$5) refers to printf5.o(i._sputc) for _sputc
    printf5.o(i._printf_core) refers to uldiv.o(.text) for __aeabi_uldivmod
    printf6.o(i.__0fprintf$6) refers to printf6.o(i._printf_core) for _printf_core
    printf6.o(i.__0fprintf$6) refers to lto-llvm-c3c3ac.o(.text.fputc) for fputc
    printf6.o(i.__0printf$6) refers to printf6.o(i._printf_core) for _printf_core
    printf6.o(i.__0printf$6) refers to lto-llvm-c3c3ac.o(.text.fputc) for fputc
    printf6.o(i.__0printf$6) refers to stdout.o(.data) for __stdout
    printf6.o(i.__0snprintf$6) refers to printf6.o(i._printf_core) for _printf_core
    printf6.o(i.__0snprintf$6) refers to printf6.o(i._snputc) for _snputc
    printf6.o(i.__0sprintf$6) refers to printf6.o(i._printf_core) for _printf_core
    printf6.o(i.__0sprintf$6) refers to printf6.o(i._sputc) for _sputc
    printf6.o(i.__0vfprintf$6) refers to printf6.o(i._printf_core) for _printf_core
    printf6.o(i.__0vfprintf$6) refers to lto-llvm-c3c3ac.o(.text.fputc) for fputc
    printf6.o(i.__0vprintf$6) refers to printf6.o(i._printf_core) for _printf_core
    printf6.o(i.__0vprintf$6) refers to lto-llvm-c3c3ac.o(.text.fputc) for fputc
    printf6.o(i.__0vprintf$6) refers to stdout.o(.data) for __stdout
    printf6.o(i.__0vsnprintf$6) refers to printf6.o(i._printf_core) for _printf_core
    printf6.o(i.__0vsnprintf$6) refers to printf6.o(i._snputc) for _snputc
    printf6.o(i.__0vsprintf$6) refers to printf6.o(i._printf_core) for _printf_core
    printf6.o(i.__0vsprintf$6) refers to printf6.o(i._sputc) for _sputc
    printf6.o(i._printf_core) refers to printf6.o(i._printf_pre_padding) for _printf_pre_padding
    printf6.o(i._printf_core) refers to printf6.o(i._printf_post_padding) for _printf_post_padding
    printf6.o(i._printf_core) refers to uidiv_div0.o(.text) for __aeabi_uidivmod
    printf7.o(i.__0fprintf$7) refers to printf7.o(i._printf_core) for _printf_core
    printf7.o(i.__0fprintf$7) refers to lto-llvm-c3c3ac.o(.text.fputc) for fputc
    printf7.o(i.__0printf$7) refers to printf7.o(i._printf_core) for _printf_core
    printf7.o(i.__0printf$7) refers to lto-llvm-c3c3ac.o(.text.fputc) for fputc
    printf7.o(i.__0printf$7) refers to stdout.o(.data) for __stdout
    printf7.o(i.__0snprintf$7) refers to printf7.o(i._printf_core) for _printf_core
    printf7.o(i.__0snprintf$7) refers to printf7.o(i._snputc) for _snputc
    printf7.o(i.__0sprintf$7) refers to printf7.o(i._printf_core) for _printf_core
    printf7.o(i.__0sprintf$7) refers to printf7.o(i._sputc) for _sputc
    printf7.o(i.__0vfprintf$7) refers to printf7.o(i._printf_core) for _printf_core
    printf7.o(i.__0vfprintf$7) refers to lto-llvm-c3c3ac.o(.text.fputc) for fputc
    printf7.o(i.__0vprintf$7) refers to printf7.o(i._printf_core) for _printf_core
    printf7.o(i.__0vprintf$7) refers to lto-llvm-c3c3ac.o(.text.fputc) for fputc
    printf7.o(i.__0vprintf$7) refers to stdout.o(.data) for __stdout
    printf7.o(i.__0vsnprintf$7) refers to printf7.o(i._printf_core) for _printf_core
    printf7.o(i.__0vsnprintf$7) refers to printf7.o(i._snputc) for _snputc
    printf7.o(i.__0vsprintf$7) refers to printf7.o(i._printf_core) for _printf_core
    printf7.o(i.__0vsprintf$7) refers to printf7.o(i._sputc) for _sputc
    printf7.o(i._printf_core) refers to printf7.o(i._printf_pre_padding) for _printf_pre_padding
    printf7.o(i._printf_core) refers to printf7.o(i._printf_post_padding) for _printf_post_padding
    printf7.o(i._printf_core) refers to uldiv.o(.text) for __aeabi_uldivmod
    printf8.o(i.__0fprintf$8) refers to printf8.o(i._printf_core) for _printf_core
    printf8.o(i.__0fprintf$8) refers to lto-llvm-c3c3ac.o(.text.fputc) for fputc
    printf8.o(i.__0printf$8) refers to printf8.o(i._printf_core) for _printf_core
    printf8.o(i.__0printf$8) refers to lto-llvm-c3c3ac.o(.text.fputc) for fputc
    printf8.o(i.__0printf$8) refers to stdout.o(.data) for __stdout
    printf8.o(i.__0snprintf$8) refers to printf8.o(i._printf_core) for _printf_core
    printf8.o(i.__0snprintf$8) refers to printf8.o(i._snputc) for _snputc
    printf8.o(i.__0sprintf$8) refers to printf8.o(i._printf_core) for _printf_core
    printf8.o(i.__0sprintf$8) refers to printf8.o(i._sputc) for _sputc
    printf8.o(i.__0vfprintf$8) refers to printf8.o(i._printf_core) for _printf_core
    printf8.o(i.__0vfprintf$8) refers to lto-llvm-c3c3ac.o(.text.fputc) for fputc
    printf8.o(i.__0vprintf$8) refers to printf8.o(i._printf_core) for _printf_core
    printf8.o(i.__0vprintf$8) refers to lto-llvm-c3c3ac.o(.text.fputc) for fputc
    printf8.o(i.__0vprintf$8) refers to stdout.o(.data) for __stdout
    printf8.o(i.__0vsnprintf$8) refers to printf8.o(i._printf_core) for _printf_core
    printf8.o(i.__0vsnprintf$8) refers to printf8.o(i._snputc) for _snputc
    printf8.o(i.__0vsprintf$8) refers to printf8.o(i._printf_core) for _printf_core
    printf8.o(i.__0vsprintf$8) refers to printf8.o(i._sputc) for _sputc
    printf8.o(i._printf_core) refers to printf8.o(i._printf_pre_padding) for _printf_pre_padding
    printf8.o(i._printf_core) refers to printf8.o(i._printf_post_padding) for _printf_post_padding
    printf8.o(i._printf_core) refers to uldiv.o(.text) for __aeabi_uldivmod
    printfa.o(i.__0fprintf) refers (Special) to iusefp.o(.text) for __I$use$fp
    printfa.o(i.__0fprintf) refers to printfa.o(i._printf_core) for _printf_core
    printfa.o(i.__0fprintf) refers to lto-llvm-c3c3ac.o(.text.fputc) for fputc
    printfa.o(i.__0printf) refers (Special) to iusefp.o(.text) for __I$use$fp
    printfa.o(i.__0printf) refers to printfa.o(i._printf_core) for _printf_core
    printfa.o(i.__0printf) refers to lto-llvm-c3c3ac.o(.text.fputc) for fputc
    printfa.o(i.__0printf) refers to stdout.o(.data) for __stdout
    printfa.o(i.__0snprintf) refers (Special) to iusefp.o(.text) for __I$use$fp
    printfa.o(i.__0snprintf) refers to printfa.o(i._printf_core) for _printf_core
    printfa.o(i.__0snprintf) refers to printfa.o(i._snputc) for _snputc
    printfa.o(i.__0sprintf) refers (Special) to iusefp.o(.text) for __I$use$fp
    printfa.o(i.__0sprintf) refers to printfa.o(i._printf_core) for _printf_core
    printfa.o(i.__0sprintf) refers to printfa.o(i._sputc) for _sputc
    printfa.o(i.__0vfprintf) refers (Special) to iusefp.o(.text) for __I$use$fp
    printfa.o(i.__0vfprintf) refers to printfa.o(i._printf_core) for _printf_core
    printfa.o(i.__0vfprintf) refers to lto-llvm-c3c3ac.o(.text.fputc) for fputc
    printfa.o(i.__0vprintf) refers (Special) to iusefp.o(.text) for __I$use$fp
    printfa.o(i.__0vprintf) refers to printfa.o(i._printf_core) for _printf_core
    printfa.o(i.__0vprintf) refers to lto-llvm-c3c3ac.o(.text.fputc) for fputc
    printfa.o(i.__0vprintf) refers to stdout.o(.data) for __stdout
    printfa.o(i.__0vsnprintf) refers (Special) to iusefp.o(.text) for __I$use$fp
    printfa.o(i.__0vsnprintf) refers to printfa.o(i._printf_core) for _printf_core
    printfa.o(i.__0vsnprintf) refers to printfa.o(i._snputc) for _snputc
    printfa.o(i.__0vsprintf) refers (Special) to iusefp.o(.text) for __I$use$fp
    printfa.o(i.__0vsprintf) refers to printfa.o(i._printf_core) for _printf_core
    printfa.o(i.__0vsprintf) refers to printfa.o(i._sputc) for _sputc
    printfa.o(i._fp_digits) refers (Special) to iusefp.o(.text) for __I$use$fp
    printfa.o(i._fp_digits) refers to dmul.o(.text) for __aeabi_dmul
    printfa.o(i._fp_digits) refers to ddiv.o(.text) for __aeabi_ddiv
    printfa.o(i._fp_digits) refers to cdrcmple.o(.text) for __aeabi_cdrcmple
    printfa.o(i._fp_digits) refers to dadd.o(.text) for __aeabi_dadd
    printfa.o(i._fp_digits) refers to dfixul.o(.text) for __aeabi_d2ulz
    printfa.o(i._fp_digits) refers to uldiv.o(.text) for __aeabi_uldivmod
    printfa.o(i._printf_core) refers (Special) to iusefp.o(.text) for __I$use$fp
    printfa.o(i._printf_core) refers to printfa.o(i._printf_pre_padding) for _printf_pre_padding
    printfa.o(i._printf_core) refers to uldiv.o(.text) for __aeabi_uldivmod
    printfa.o(i._printf_core) refers to printfa.o(i._printf_post_padding) for _printf_post_padding
    printfa.o(i._printf_core) refers to printfa.o(i._fp_digits) for _fp_digits
    printfa.o(i._printf_core) refers to uidiv_div0.o(.text) for __aeabi_uidivmod
    printfa.o(i._printf_post_padding) refers (Special) to iusefp.o(.text) for __I$use$fp
    printfa.o(i._printf_pre_padding) refers (Special) to iusefp.o(.text) for __I$use$fp
    printfa.o(i._snputc) refers (Special) to iusefp.o(.text) for __I$use$fp
    printfa.o(i._sputc) refers (Special) to iusefp.o(.text) for __I$use$fp
    entry2.o(.ARM.Collect$$$$00000001) refers to entry2.o(.ARM.Collect$$$$00002712) for __lit__00000000
    entry2.o(.ARM.Collect$$$$00002712) refers to startup_pt32y003x.o(STACK) for __initial_sp
    entry2.o(__vectab_stack_and_reset_area) refers to startup_pt32y003x.o(STACK) for __initial_sp
    entry2.o(__vectab_stack_and_reset_area) refers to entry.o(.ARM.Collect$$$$00000000) for __main
    entry5.o(.ARM.Collect$$$$00000004) refers to init.o(.text) for __scatterload
    entry9a.o(.ARM.Collect$$$$0000000B) refers to lto-llvm-c3c3ac.o(.text.main) for main
    entry9b.o(.ARM.Collect$$$$0000000C) refers to lto-llvm-c3c3ac.o(.text.main) for main
    uldiv.o(.text) refers to llushr.o(.text) for __aeabi_llsr
    uldiv.o(.text) refers to llshl.o(.text) for __aeabi_llsl
    dadd.o(.text) refers (Special) to iusefp.o(.text) for __I$use$fp
    dadd.o(.text) refers to llshl.o(.text) for __aeabi_llsl
    dadd.o(.text) refers to llsshr.o(.text) for __aeabi_lasr
    dadd.o(.text) refers to depilogue.o(.text) for _double_epilogue
    dmul.o(.text) refers (Special) to iusefp.o(.text) for __I$use$fp
    dmul.o(.text) refers to depilogue.o(.text) for _double_epilogue
    ddiv.o(.text) refers (Special) to iusefp.o(.text) for __I$use$fp
    ddiv.o(.text) refers to depilogue.o(.text) for _double_round
    dfixul.o(.text) refers (Special) to iusefp.o(.text) for __I$use$fp
    dfixul.o(.text) refers to llushr.o(.text) for __aeabi_llsr
    dfixul.o(.text) refers to llshl.o(.text) for __aeabi_llsl
    cdrcmple.o(.text) refers (Special) to iusefp.o(.text) for __I$use$fp
    init.o(.text) refers to entry5.o(.ARM.Collect$$$$00000004) for __main_after_scatterload
    idiv_div0.o(.text) refers to uidiv_div0.o(.text) for __aeabi_uidivmod
    depilogue.o(.text) refers (Special) to iusefp.o(.text) for __I$use$fp
    depilogue.o(.text) refers to depilogue.o(i.__ARM_clz) for __ARM_clz
    depilogue.o(.text) refers to llshl.o(.text) for __aeabi_llsl
    depilogue.o(.text) refers to llushr.o(.text) for __aeabi_llsr
    lto-llvm-c3c3ac.o(.text.ADC_Handler) refers to lto-llvm-c3c3ac.o(.bss..L_MergedGlobals) for [Anonymous Symbol]
    lto-llvm-c3c3ac.o(.ARM.exidx.text.ADC_Handler) refers to lto-llvm-c3c3ac.o(.text.ADC_Handler) for [Anonymous Symbol]
    lto-llvm-c3c3ac.o(.text.UART0_Handler) refers to memseta.o(.text) for __aeabi_memclr
    lto-llvm-c3c3ac.o(.text.UART0_Handler) refers to lto-llvm-c3c3ac.o(.bss..L_MergedGlobals) for [Anonymous Symbol]
    lto-llvm-c3c3ac.o(.ARM.exidx.text.UART0_Handler) refers to lto-llvm-c3c3ac.o(.text.UART0_Handler) for [Anonymous Symbol]
    lto-llvm-c3c3ac.o(.text.Uart_SendStr) refers to printfa.o(i.__0vsnprintf) for vsnprintf
    lto-llvm-c3c3ac.o(.text.Uart_SendStr) refers to lto-llvm-c3c3ac.o(.bss.Uart_SendStr.buf) for [Anonymous Symbol]
    lto-llvm-c3c3ac.o(.ARM.exidx.text.Uart_SendStr) refers to lto-llvm-c3c3ac.o(.text.Uart_SendStr) for [Anonymous Symbol]
    lto-llvm-c3c3ac.o(.text.TIM2_Handler) refers to lto-llvm-c3c3ac.o(.bss..L_MergedGlobals) for [Anonymous Symbol]
    lto-llvm-c3c3ac.o(.ARM.exidx.text.TIM2_Handler) refers to lto-llvm-c3c3ac.o(.text.TIM2_Handler) for [Anonymous Symbol]
    lto-llvm-c3c3ac.o(.text.TIM3_Handler) refers to lto-llvm-c3c3ac.o(.bss.gUsTick) for [Anonymous Symbol]
    lto-llvm-c3c3ac.o(.ARM.exidx.text.TIM3_Handler) refers to lto-llvm-c3c3ac.o(.text.TIM3_Handler) for [Anonymous Symbol]
    lto-llvm-c3c3ac.o(.text.usTick_Delay) refers to lto-llvm-c3c3ac.o(.bss.gUsTick) for [Anonymous Symbol]
    lto-llvm-c3c3ac.o(.ARM.exidx.text.usTick_Delay) refers to lto-llvm-c3c3ac.o(.text.usTick_Delay) for [Anonymous Symbol]
    lto-llvm-c3c3ac.o(.ARM.exidx.text.crc16) refers to lto-llvm-c3c3ac.o(.text.crc16) for [Anonymous Symbol]
    lto-llvm-c3c3ac.o(.text.main) refers to lto-llvm-c3c3ac.o(.text.GPIO_Init) for GPIO_Init
    lto-llvm-c3c3ac.o(.text.main) refers to lto-llvm-c3c3ac.o(.text.TIM_TimeBaseInit) for TIM_TimeBaseInit
    lto-llvm-c3c3ac.o(.text.main) refers to uidiv_div0.o(.text) for __aeabi_uidiv
    lto-llvm-c3c3ac.o(.text.main) refers to lto-llvm-c3c3ac.o(.text.readFromFlash) for readFromFlash
    lto-llvm-c3c3ac.o(.text.main) refers to lto-llvm-c3c3ac.o(.text.usTick_Delay) for usTick_Delay
    lto-llvm-c3c3ac.o(.text.main) refers to lto-llvm-c3c3ac.o(.text.Uart_SendStr) for Uart_SendStr
    lto-llvm-c3c3ac.o(.text.main) refers to lto-llvm-c3c3ac.o(.text.crc16) for crc16
    lto-llvm-c3c3ac.o(.text.main) refers to memseta.o(.text) for __aeabi_memclr4
    lto-llvm-c3c3ac.o(.text.main) refers to printfa.o(i.__0sprintf) for __2sprintf
    lto-llvm-c3c3ac.o(.text.main) refers to memcpya.o(.text) for __aeabi_memcpy
    lto-llvm-c3c3ac.o(.text.main) refers to memcmp.o(.text) for memcmp
    lto-llvm-c3c3ac.o(.text.main) refers to lto-llvm-c3c3ac.o(.text.GPIO_DigitalRemapConfig) for GPIO_DigitalRemapConfig
    lto-llvm-c3c3ac.o(.text.main) refers to lto-llvm-c3c3ac.o(.text.NVIC_Init) for NVIC_Init
    lto-llvm-c3c3ac.o(.text.main) refers to lto-llvm-c3c3ac.o(.bss..L_MergedGlobals) for [Anonymous Symbol]
    lto-llvm-c3c3ac.o(.text.main) refers to lto-llvm-c3c3ac.o(.bss.reportClapStatus.buf) for [Anonymous Symbol]
    lto-llvm-c3c3ac.o(.text.main) refers to lto-llvm-c3c3ac.o(.rodata.str1.1) for [Anonymous Symbol]
    lto-llvm-c3c3ac.o(.text.main) refers to lto-llvm-c3c3ac.o(.bss.reportClapParam.buf) for [Anonymous Symbol]
    lto-llvm-c3c3ac.o(.ARM.exidx.text.main) refers to lto-llvm-c3c3ac.o(.text.main) for [Anonymous Symbol]
    lto-llvm-c3c3ac.o(.text.assert_failed) refers to lto-llvm-c3c3ac.o(.text.Uart_SendStr) for Uart_SendStr
    lto-llvm-c3c3ac.o(.ARM.exidx.text.assert_failed) refers to lto-llvm-c3c3ac.o(.text.assert_failed) for [Anonymous Symbol]
    lto-llvm-c3c3ac.o(.text.readFromFlash) refers to lto-llvm-c3c3ac.o(.text.crc16) for crc16
    lto-llvm-c3c3ac.o(.text.readFromFlash) refers to lto-llvm-c3c3ac.o(.text.Uart_SendStr) for Uart_SendStr
    lto-llvm-c3c3ac.o(.text.readFromFlash) refers to memcpya.o(.text) for __aeabi_memcpy
    lto-llvm-c3c3ac.o(.text.readFromFlash) refers to lto-llvm-c3c3ac.o(.bss..L_MergedGlobals) for [Anonymous Symbol]
    lto-llvm-c3c3ac.o(.ARM.exidx.text.readFromFlash) refers to lto-llvm-c3c3ac.o(.text.readFromFlash) for [Anonymous Symbol]
    lto-llvm-c3c3ac.o(.ARM.exidx.text.SystemInit) refers to lto-llvm-c3c3ac.o(.text.SystemInit) for [Anonymous Symbol]
    lto-llvm-c3c3ac.o(.ARM.exidx.text.fputc) refers to lto-llvm-c3c3ac.o(.text.fputc) for [Anonymous Symbol]
    lto-llvm-c3c3ac.o(.ARM.exidx.text.fgetc) refers to lto-llvm-c3c3ac.o(.text.fgetc) for [Anonymous Symbol]
    lto-llvm-c3c3ac.o(.text.GPIO_Init) refers to lto-llvm-c3c3ac.o(.text.assert_failed) for assert_failed
    lto-llvm-c3c3ac.o(.text.GPIO_Init) refers to lto-llvm-c3c3ac.o(.rodata.str1.1) for [Anonymous Symbol]
    lto-llvm-c3c3ac.o(.ARM.exidx.text.GPIO_Init) refers to lto-llvm-c3c3ac.o(.text.GPIO_Init) for [Anonymous Symbol]
    lto-llvm-c3c3ac.o(.text.GPIO_DigitalRemapConfig) refers to lto-llvm-c3c3ac.o(.text.assert_failed) for assert_failed
    lto-llvm-c3c3ac.o(.text.GPIO_DigitalRemapConfig) refers to lto-llvm-c3c3ac.o(.rodata.str1.1) for [Anonymous Symbol]
    lto-llvm-c3c3ac.o(.ARM.exidx.text.GPIO_DigitalRemapConfig) refers to lto-llvm-c3c3ac.o(.text.GPIO_DigitalRemapConfig) for [Anonymous Symbol]
    lto-llvm-c3c3ac.o(.text.TIM_TimeBaseInit) refers to lto-llvm-c3c3ac.o(.text.assert_failed) for assert_failed
    lto-llvm-c3c3ac.o(.text.TIM_TimeBaseInit) refers to lto-llvm-c3c3ac.o(.rodata.str1.1) for [Anonymous Symbol]
    lto-llvm-c3c3ac.o(.ARM.exidx.text.TIM_TimeBaseInit) refers to lto-llvm-c3c3ac.o(.text.TIM_TimeBaseInit) for [Anonymous Symbol]
    lto-llvm-c3c3ac.o(.text.NVIC_Init) refers to lto-llvm-c3c3ac.o(.text.assert_failed) for assert_failed
    lto-llvm-c3c3ac.o(.text.NVIC_Init) refers to lto-llvm-c3c3ac.o(.rodata.str1.1) for [Anonymous Symbol]
    lto-llvm-c3c3ac.o(.ARM.exidx.text.NVIC_Init) refers to lto-llvm-c3c3ac.o(.text.NVIC_Init) for [Anonymous Symbol]
    lto-llvm-c3c3ac.o(.ARM.exidx.text.NMI_Handler) refers to lto-llvm-c3c3ac.o(.text.NMI_Handler) for [Anonymous Symbol]
    lto-llvm-c3c3ac.o(.ARM.exidx.text.HardFault_Handler) refers to lto-llvm-c3c3ac.o(.text.HardFault_Handler) for [Anonymous Symbol]
    lto-llvm-c3c3ac.o(.ARM.exidx.text.SVC_Handler) refers to lto-llvm-c3c3ac.o(.text.SVC_Handler) for [Anonymous Symbol]
    lto-llvm-c3c3ac.o(.ARM.exidx.text.PendSV_Handler) refers to lto-llvm-c3c3ac.o(.text.PendSV_Handler) for [Anonymous Symbol]
    lto-llvm-c3c3ac.o(.ARM.exidx.text.SysTick_Handler) refers to lto-llvm-c3c3ac.o(.text.SysTick_Handler) for [Anonymous Symbol]
    lto-llvm-c3c3ac.o(.ARM.exidx.text.IMMC_Handler) refers to lto-llvm-c3c3ac.o(.text.IMMC_Handler) for [Anonymous Symbol]
    lto-llvm-c3c3ac.o(.ARM.exidx.text.EXTIA_Handler) refers to lto-llvm-c3c3ac.o(.text.EXTIA_Handler) for [Anonymous Symbol]
    lto-llvm-c3c3ac.o(.ARM.exidx.text.EXTIB_Handler) refers to lto-llvm-c3c3ac.o(.text.EXTIB_Handler) for [Anonymous Symbol]
    lto-llvm-c3c3ac.o(.ARM.exidx.text.EXTIC_Handler) refers to lto-llvm-c3c3ac.o(.text.EXTIC_Handler) for [Anonymous Symbol]
    lto-llvm-c3c3ac.o(.ARM.exidx.text.EXTID_Handler) refers to lto-llvm-c3c3ac.o(.text.EXTID_Handler) for [Anonymous Symbol]
    lto-llvm-c3c3ac.o(.ARM.exidx.text.TIM1_Handler) refers to lto-llvm-c3c3ac.o(.text.TIM1_Handler) for [Anonymous Symbol]
    lto-llvm-c3c3ac.o(.ARM.exidx.text.TIM4_Handler) refers to lto-llvm-c3c3ac.o(.text.TIM4_Handler) for [Anonymous Symbol]
    lto-llvm-c3c3ac.o(.ARM.exidx.text.PVD_Handler) refers to lto-llvm-c3c3ac.o(.text.PVD_Handler) for [Anonymous Symbol]
    lto-llvm-c3c3ac.o(.ARM.exidx.text.I2C0_Handler) refers to lto-llvm-c3c3ac.o(.text.I2C0_Handler) for [Anonymous Symbol]
    lto-llvm-c3c3ac.o(.ARM.exidx.text.SPI0_Handler) refers to lto-llvm-c3c3ac.o(.text.SPI0_Handler) for [Anonymous Symbol]
    lto-llvm-c3c3ac.o(.ARM.exidx.text.UART1_Handler) refers to lto-llvm-c3c3ac.o(.text.UART1_Handler) for [Anonymous Symbol]
    depilogue.o(i.__ARM_clz) refers (Special) to iusefp.o(.text) for __I$use$fp


==============================================================================

Removing Unused input sections from the image.

    Removing startup_pt32y003x.o(HEAP), (0 bytes).
    Removing lto-llvm-c3c3ac.o(.text), (0 bytes).
    Removing lto-llvm-c3c3ac.o(.ARM.exidx.text.ADC_Handler), (8 bytes).
    Removing lto-llvm-c3c3ac.o(.ARM.exidx.text.UART0_Handler), (8 bytes).
    Removing lto-llvm-c3c3ac.o(.ARM.exidx.text.Uart_SendStr), (8 bytes).
    Removing lto-llvm-c3c3ac.o(.ARM.exidx.text.TIM2_Handler), (8 bytes).
    Removing lto-llvm-c3c3ac.o(.ARM.exidx.text.TIM3_Handler), (8 bytes).
    Removing lto-llvm-c3c3ac.o(.ARM.exidx.text.usTick_Delay), (8 bytes).
    Removing lto-llvm-c3c3ac.o(.ARM.exidx.text.crc16), (8 bytes).
    Removing lto-llvm-c3c3ac.o(.ARM.exidx.text.main), (8 bytes).
    Removing lto-llvm-c3c3ac.o(.ARM.exidx.text.assert_failed), (8 bytes).
    Removing lto-llvm-c3c3ac.o(.ARM.exidx.text.readFromFlash), (8 bytes).
    Removing lto-llvm-c3c3ac.o(.ARM.exidx.text.SystemInit), (8 bytes).
    Removing lto-llvm-c3c3ac.o(.text.fputc), (20 bytes).
    Removing lto-llvm-c3c3ac.o(.ARM.exidx.text.fputc), (8 bytes).
    Removing lto-llvm-c3c3ac.o(.text.fgetc), (20 bytes).
    Removing lto-llvm-c3c3ac.o(.ARM.exidx.text.fgetc), (8 bytes).
    Removing lto-llvm-c3c3ac.o(.ARM.exidx.text.GPIO_Init), (8 bytes).
    Removing lto-llvm-c3c3ac.o(.ARM.exidx.text.GPIO_DigitalRemapConfig), (8 bytes).
    Removing lto-llvm-c3c3ac.o(.ARM.exidx.text.TIM_TimeBaseInit), (8 bytes).
    Removing lto-llvm-c3c3ac.o(.ARM.exidx.text.NVIC_Init), (8 bytes).
    Removing lto-llvm-c3c3ac.o(.ARM.exidx.text.NMI_Handler), (8 bytes).
    Removing lto-llvm-c3c3ac.o(.ARM.exidx.text.HardFault_Handler), (8 bytes).
    Removing lto-llvm-c3c3ac.o(.ARM.exidx.text.SVC_Handler), (8 bytes).
    Removing lto-llvm-c3c3ac.o(.ARM.exidx.text.PendSV_Handler), (8 bytes).
    Removing lto-llvm-c3c3ac.o(.ARM.exidx.text.SysTick_Handler), (8 bytes).
    Removing lto-llvm-c3c3ac.o(.ARM.exidx.text.IMMC_Handler), (8 bytes).
    Removing lto-llvm-c3c3ac.o(.ARM.exidx.text.EXTIA_Handler), (8 bytes).
    Removing lto-llvm-c3c3ac.o(.ARM.exidx.text.EXTIB_Handler), (8 bytes).
    Removing lto-llvm-c3c3ac.o(.ARM.exidx.text.EXTIC_Handler), (8 bytes).
    Removing lto-llvm-c3c3ac.o(.ARM.exidx.text.EXTID_Handler), (8 bytes).
    Removing lto-llvm-c3c3ac.o(.ARM.exidx.text.TIM1_Handler), (8 bytes).
    Removing lto-llvm-c3c3ac.o(.ARM.exidx.text.TIM4_Handler), (8 bytes).
    Removing lto-llvm-c3c3ac.o(.ARM.exidx.text.PVD_Handler), (8 bytes).
    Removing lto-llvm-c3c3ac.o(.ARM.exidx.text.I2C0_Handler), (8 bytes).
    Removing lto-llvm-c3c3ac.o(.ARM.exidx.text.SPI0_Handler), (8 bytes).
    Removing lto-llvm-c3c3ac.o(.ARM.exidx.text.UART1_Handler), (8 bytes).
    Removing lto-llvm-c3c3ac.o(.ARM.use_no_argv), (4 bytes).

38 unused section(s) (total 308 bytes) removed from the image.

==============================================================================

Image Symbol Table

    Local Symbols

    Symbol Name                              Value     Ov Type        Size  Object(Section)

    ../clib/division.s                       0x00000000   Number         0  aeabi_sdiv.o ABSOLUTE
    ../clib/division.s                       0x00000000   Number         0  aeabi_sdiv_div0.o ABSOLUTE
    ../clib/microlib/division.c              0x00000000   Number         0  uidiv.o ABSOLUTE
    ../clib/microlib/division.c              0x00000000   Number         0  uldiv.o ABSOLUTE
    ../clib/microlib/division.c              0x00000000   Number         0  uidiv_div0.o ABSOLUTE
    ../clib/microlib/division.c              0x00000000   Number         0  idiv_div0.o ABSOLUTE
    ../clib/microlib/division.c              0x00000000   Number         0  idiv0.o ABSOLUTE
    ../clib/microlib/init/entry.s            0x00000000   Number         0  entry.o ABSOLUTE
    ../clib/microlib/init/entry.s            0x00000000   Number         0  entry2.o ABSOLUTE
    ../clib/microlib/init/entry.s            0x00000000   Number         0  entry5.o ABSOLUTE
    ../clib/microlib/init/entry.s            0x00000000   Number         0  entry7a.o ABSOLUTE
    ../clib/microlib/init/entry.s            0x00000000   Number         0  entry7b.o ABSOLUTE
    ../clib/microlib/init/entry.s            0x00000000   Number         0  entry8a.o ABSOLUTE
    ../clib/microlib/init/entry.s            0x00000000   Number         0  entry8b.o ABSOLUTE
    ../clib/microlib/init/entry.s            0x00000000   Number         0  entry9a.o ABSOLUTE
    ../clib/microlib/init/entry.s            0x00000000   Number         0  entry9b.o ABSOLUTE
    ../clib/microlib/init/entry.s            0x00000000   Number         0  entry10a.o ABSOLUTE
    ../clib/microlib/init/entry.s            0x00000000   Number         0  entry10b.o ABSOLUTE
    ../clib/microlib/init/entry.s            0x00000000   Number         0  entry11a.o ABSOLUTE
    ../clib/microlib/init/entry.s            0x00000000   Number         0  entry11b.o ABSOLUTE
    ../clib/microlib/longlong.c              0x00000000   Number         0  llshl.o ABSOLUTE
    ../clib/microlib/longlong.c              0x00000000   Number         0  llushr.o ABSOLUTE
    ../clib/microlib/longlong.c              0x00000000   Number         0  llsshr.o ABSOLUTE
    ../clib/microlib/printf/printf.c         0x00000000   Number         0  printfb.o ABSOLUTE
    ../clib/microlib/printf/printf.c         0x00000000   Number         0  printf0.o ABSOLUTE
    ../clib/microlib/printf/printf.c         0x00000000   Number         0  printf1.o ABSOLUTE
    ../clib/microlib/printf/printf.c         0x00000000   Number         0  printf2.o ABSOLUTE
    ../clib/microlib/printf/printf.c         0x00000000   Number         0  printf3.o ABSOLUTE
    ../clib/microlib/printf/printf.c         0x00000000   Number         0  printf4.o ABSOLUTE
    ../clib/microlib/printf/printf.c         0x00000000   Number         0  printf5.o ABSOLUTE
    ../clib/microlib/printf/printf.c         0x00000000   Number         0  printf6.o ABSOLUTE
    ../clib/microlib/printf/printf.c         0x00000000   Number         0  printf7.o ABSOLUTE
    ../clib/microlib/printf/printf.c         0x00000000   Number         0  printf8.o ABSOLUTE
    ../clib/microlib/printf/printf.c         0x00000000   Number         0  printfa.o ABSOLUTE
    ../clib/microlib/printf/stubs.s          0x00000000   Number         0  printfstubs.o ABSOLUTE
    ../clib/microlib/stdio/streams.c         0x00000000   Number         0  stdout.o ABSOLUTE
    ../clib/microlib/string/memcmp.c         0x00000000   Number         0  memcmp.o ABSOLUTE
    ../clib/microlib/string/memcpy.c         0x00000000   Number         0  memcpya.o ABSOLUTE
    ../clib/microlib/string/memcpy.c         0x00000000   Number         0  memcpyb.o ABSOLUTE
    ../clib/microlib/string/memset.c         0x00000000   Number         0  memseta.o ABSOLUTE
    ../clib/microlib/string/strncmp.c        0x00000000   Number         0  strncmp.o ABSOLUTE
    ../clib/microlib/stubs.s                 0x00000000   Number         0  iusefp.o ABSOLUTE
    ../fplib/microlib/fpadd.c                0x00000000   Number         0  dadd.o ABSOLUTE
    ../fplib/microlib/fpdiv.c                0x00000000   Number         0  ddiv.o ABSOLUTE
    ../fplib/microlib/fpepilogue.c           0x00000000   Number         0  depilogue.o ABSOLUTE
    ../fplib/microlib/fpfix.c                0x00000000   Number         0  dfixul.o ABSOLUTE
    ../fplib/microlib/fpmul.c                0x00000000   Number         0  dmul.o ABSOLUTE
    ..\Libraries\SYSTEM\startup_PT32Y003x.s  0x00000000   Number         0  startup_pt32y003x.o ABSOLUTE
    cdrcmple.s                               0x00000000   Number         0  cdrcmple.o ABSOLUTE
    dc.s                                     0x00000000   Number         0  dc.o ABSOLUTE
    handlers.s                               0x00000000   Number         0  handlers.o ABSOLUTE
    init.s                                   0x00000000   Number         0  init.o ABSOLUTE
    ld-temp.o                                0x00000000   Number         0  lto-llvm-c3c3ac.o ABSOLUTE
    RESET                                    0x00000000   Section      220  startup_pt32y003x.o(RESET)
    .ARM.Collect$$$$00000000                 0x000000dc   Section        0  entry.o(.ARM.Collect$$$$00000000)
    .ARM.Collect$$$$00000001                 0x000000dc   Section        4  entry2.o(.ARM.Collect$$$$00000001)
    .ARM.Collect$$$$00000004                 0x000000e0   Section        4  entry5.o(.ARM.Collect$$$$00000004)
    .ARM.Collect$$$$00000008                 0x000000e4   Section        0  entry7b.o(.ARM.Collect$$$$00000008)
    .ARM.Collect$$$$0000000A                 0x000000e4   Section        0  entry8b.o(.ARM.Collect$$$$0000000A)
    .ARM.Collect$$$$0000000B                 0x000000e4   Section        8  entry9a.o(.ARM.Collect$$$$0000000B)
    __lit__00000000                          0x000000ec   Data           4  entry2.o(.ARM.Collect$$$$00002712)
    .ARM.Collect$$$$0000000D                 0x000000ec   Section        0  entry10a.o(.ARM.Collect$$$$0000000D)
    .ARM.Collect$$$$0000000F                 0x000000ec   Section        0  entry11a.o(.ARM.Collect$$$$0000000F)
    .ARM.Collect$$$$00002712                 0x000000ec   Section        4  entry2.o(.ARM.Collect$$$$00002712)
    .text                                    0x000000f0   Section        0  uldiv.o(.text)
    .text                                    0x00000150   Section        0  iusefp.o(.text)
    .text                                    0x00000150   Section        0  dadd.o(.text)
    .text                                    0x000002b4   Section        0  dmul.o(.text)
    .text                                    0x00000384   Section        0  ddiv.o(.text)
    .text                                    0x00000474   Section        0  dfixul.o(.text)
    .text                                    0x000004b4   Section       40  cdrcmple.o(.text)
    .text                                    0x000004dc   Section       48  init.o(.text)
    .text                                    0x0000050c   Section        0  uidiv_div0.o(.text)
    .text                                    0x0000054a   Section        0  llshl.o(.text)
    .text                                    0x0000056a   Section        0  llushr.o(.text)
    .text                                    0x0000058c   Section        0  llsshr.o(.text)
    .text                                    0x000005b2   Section        0  depilogue.o(.text)
    .text                                    0x00000670   Section        0  memcpya.o(.text)
    .text                                    0x00000694   Section        0  memseta.o(.text)
    .text                                    0x000006b8   Section        0  memcmp.o(.text)
    [Anonymous Symbol]                       0x000006d4   Section        0  lto-llvm-c3c3ac.o(.text.ADC_Handler)
    __arm_cp.0_0                             0x00000704   Number         4  lto-llvm-c3c3ac.o(.text.ADC_Handler)
    __arm_cp.0_1                             0x00000708   Number         4  lto-llvm-c3c3ac.o(.text.ADC_Handler)
    [Anonymous Symbol]                       0x0000070c   Section        0  lto-llvm-c3c3ac.o(.text.EXTIA_Handler)
    [Anonymous Symbol]                       0x0000070e   Section        0  lto-llvm-c3c3ac.o(.text.EXTIB_Handler)
    [Anonymous Symbol]                       0x00000710   Section        0  lto-llvm-c3c3ac.o(.text.EXTIC_Handler)
    [Anonymous Symbol]                       0x00000712   Section        0  lto-llvm-c3c3ac.o(.text.EXTID_Handler)
    GPIO_DigitalRemapConfig                  0x00000715   Thumb Code    56  lto-llvm-c3c3ac.o(.text.GPIO_DigitalRemapConfig)
    [Anonymous Symbol]                       0x00000714   Section        0  lto-llvm-c3c3ac.o(.text.GPIO_DigitalRemapConfig)
    __arm_cp.14_0                            0x0000074c   Number         4  lto-llvm-c3c3ac.o(.text.GPIO_DigitalRemapConfig)
    GPIO_Init                                0x00000751   Thumb Code   124  lto-llvm-c3c3ac.o(.text.GPIO_Init)
    [Anonymous Symbol]                       0x00000750   Section        0  lto-llvm-c3c3ac.o(.text.GPIO_Init)
    __arm_cp.13_0                            0x000007cc   Number         4  lto-llvm-c3c3ac.o(.text.GPIO_Init)
    [Anonymous Symbol]                       0x000007d0   Section        0  lto-llvm-c3c3ac.o(.text.HardFault_Handler)
    [Anonymous Symbol]                       0x000007d2   Section        0  lto-llvm-c3c3ac.o(.text.I2C0_Handler)
    [Anonymous Symbol]                       0x000007d4   Section        0  lto-llvm-c3c3ac.o(.text.IMMC_Handler)
    [Anonymous Symbol]                       0x000007d6   Section        0  lto-llvm-c3c3ac.o(.text.NMI_Handler)
    NVIC_Init                                0x000007d9   Thumb Code    80  lto-llvm-c3c3ac.o(.text.NVIC_Init)
    [Anonymous Symbol]                       0x000007d8   Section        0  lto-llvm-c3c3ac.o(.text.NVIC_Init)
    __arm_cp.16_0                            0x00000828   Number         4  lto-llvm-c3c3ac.o(.text.NVIC_Init)
    __arm_cp.16_1                            0x0000082c   Number         4  lto-llvm-c3c3ac.o(.text.NVIC_Init)
    __arm_cp.16_2                            0x00000830   Number         4  lto-llvm-c3c3ac.o(.text.NVIC_Init)
    [Anonymous Symbol]                       0x00000834   Section        0  lto-llvm-c3c3ac.o(.text.PVD_Handler)
    [Anonymous Symbol]                       0x00000836   Section        0  lto-llvm-c3c3ac.o(.text.PendSV_Handler)
    [Anonymous Symbol]                       0x00000838   Section        0  lto-llvm-c3c3ac.o(.text.SPI0_Handler)
    [Anonymous Symbol]                       0x0000083a   Section        0  lto-llvm-c3c3ac.o(.text.SVC_Handler)
    [Anonymous Symbol]                       0x0000083c   Section        0  lto-llvm-c3c3ac.o(.text.SysTick_Handler)
    [Anonymous Symbol]                       0x00000840   Section        0  lto-llvm-c3c3ac.o(.text.SystemInit)
    __arm_cp.10_0                            0x000008dc   Number         4  lto-llvm-c3c3ac.o(.text.SystemInit)
    __arm_cp.10_1                            0x000008e0   Number         4  lto-llvm-c3c3ac.o(.text.SystemInit)
    __arm_cp.10_2                            0x000008e4   Number         4  lto-llvm-c3c3ac.o(.text.SystemInit)
    [Anonymous Symbol]                       0x000008e8   Section        0  lto-llvm-c3c3ac.o(.text.TIM1_Handler)
    [Anonymous Symbol]                       0x000008ec   Section        0  lto-llvm-c3c3ac.o(.text.TIM2_Handler)
    [Anonymous Symbol]                       0x00000908   Section        0  lto-llvm-c3c3ac.o(.text.TIM3_Handler)
    __arm_cp.4_1                             0x00000924   Number         4  lto-llvm-c3c3ac.o(.text.TIM3_Handler)
    [Anonymous Symbol]                       0x00000928   Section        0  lto-llvm-c3c3ac.o(.text.TIM4_Handler)
    TIM_TimeBaseInit                         0x0000092d   Thumb Code    72  lto-llvm-c3c3ac.o(.text.TIM_TimeBaseInit)
    [Anonymous Symbol]                       0x0000092c   Section        0  lto-llvm-c3c3ac.o(.text.TIM_TimeBaseInit)
    __arm_cp.15_0                            0x00000974   Number         4  lto-llvm-c3c3ac.o(.text.TIM_TimeBaseInit)
    __arm_cp.15_1                            0x00000978   Number         4  lto-llvm-c3c3ac.o(.text.TIM_TimeBaseInit)
    __arm_cp.15_2                            0x0000097c   Number         4  lto-llvm-c3c3ac.o(.text.TIM_TimeBaseInit)
    __arm_cp.15_3                            0x00000980   Number         4  lto-llvm-c3c3ac.o(.text.TIM_TimeBaseInit)
    [Anonymous Symbol]                       0x00000984   Section        0  lto-llvm-c3c3ac.o(.text.UART0_Handler)
    __arm_cp.1_1                             0x000009d0   Number         4  lto-llvm-c3c3ac.o(.text.UART0_Handler)
    [Anonymous Symbol]                       0x000009d4   Section        0  lto-llvm-c3c3ac.o(.text.UART1_Handler)
    Uart_SendStr                             0x000009d9   Thumb Code    68  lto-llvm-c3c3ac.o(.text.Uart_SendStr)
    [Anonymous Symbol]                       0x000009d8   Section        0  lto-llvm-c3c3ac.o(.text.Uart_SendStr)
    __arm_cp.2_0                             0x00000a1c   Number         4  lto-llvm-c3c3ac.o(.text.Uart_SendStr)
    __arm_cp.2_1                             0x00000a20   Number         4  lto-llvm-c3c3ac.o(.text.Uart_SendStr)
    assert_failed                            0x00000a25   Thumb Code    12  lto-llvm-c3c3ac.o(.text.assert_failed)
    [Anonymous Symbol]                       0x00000a24   Section        0  lto-llvm-c3c3ac.o(.text.assert_failed)
    crc16                                    0x00000a61   Thumb Code    48  lto-llvm-c3c3ac.o(.text.crc16)
    [Anonymous Symbol]                       0x00000a60   Section        0  lto-llvm-c3c3ac.o(.text.crc16)
    __arm_cp.6_0                             0x00000a90   Number         4  lto-llvm-c3c3ac.o(.text.crc16)
    __arm_cp.6_1                             0x00000a94   Number         4  lto-llvm-c3c3ac.o(.text.crc16)
    [Anonymous Symbol]                       0x00000a98   Section        0  lto-llvm-c3c3ac.o(.text.main)
    __arm_cp.7_41                            0x00000e58   Number         4  lto-llvm-c3c3ac.o(.text.main)
    __arm_cp.7_42                            0x00000e5c   Number         4  lto-llvm-c3c3ac.o(.text.main)
    __arm_cp.7_43                            0x00000e60   Number         4  lto-llvm-c3c3ac.o(.text.main)
    __arm_cp.7_44                            0x00000e64   Number         4  lto-llvm-c3c3ac.o(.text.main)
    __arm_cp.7_45                            0x00000e68   Number         4  lto-llvm-c3c3ac.o(.text.main)
    __arm_cp.7_46                            0x00000e6c   Number         4  lto-llvm-c3c3ac.o(.text.main)
    __arm_cp.7_47                            0x00000e70   Number         4  lto-llvm-c3c3ac.o(.text.main)
    __arm_cp.7_48                            0x00000e74   Number         4  lto-llvm-c3c3ac.o(.text.main)
    __arm_cp.7_49                            0x00000e78   Number         4  lto-llvm-c3c3ac.o(.text.main)
    __arm_cp.7_50                            0x00000e7c   Number         4  lto-llvm-c3c3ac.o(.text.main)
    __arm_cp.7_52                            0x00000e84   Number         4  lto-llvm-c3c3ac.o(.text.main)
    __arm_cp.7_53                            0x00000e88   Number         4  lto-llvm-c3c3ac.o(.text.main)
    __arm_cp.7_54                            0x00000e8c   Number         4  lto-llvm-c3c3ac.o(.text.main)
    __arm_cp.7_10                            0x00000f94   Number         4  lto-llvm-c3c3ac.o(.text.main)
    __arm_cp.7_14                            0x00000f98   Number         4  lto-llvm-c3c3ac.o(.text.main)
    __arm_cp.7_15                            0x00000f9c   Number         4  lto-llvm-c3c3ac.o(.text.main)
    __arm_cp.7_16                            0x00000fa0   Number         4  lto-llvm-c3c3ac.o(.text.main)
    __arm_cp.7_17                            0x00000fa4   Number         4  lto-llvm-c3c3ac.o(.text.main)
    __arm_cp.7_18                            0x00000fa8   Number         4  lto-llvm-c3c3ac.o(.text.main)
    __arm_cp.7_19                            0x00000fac   Number         4  lto-llvm-c3c3ac.o(.text.main)
    __arm_cp.7_20                            0x00000fb0   Number         4  lto-llvm-c3c3ac.o(.text.main)
    __arm_cp.7_23                            0x00000ff8   Number         4  lto-llvm-c3c3ac.o(.text.main)
    __arm_cp.7_24                            0x00000ffc   Number         4  lto-llvm-c3c3ac.o(.text.main)
    __arm_cp.7_25                            0x00001000   Number         4  lto-llvm-c3c3ac.o(.text.main)
    __arm_cp.7_30                            0x00001050   Number         4  lto-llvm-c3c3ac.o(.text.main)
    __arm_cp.7_31                            0x00001054   Number         4  lto-llvm-c3c3ac.o(.text.main)
    __arm_cp.7_32                            0x00001058   Number         4  lto-llvm-c3c3ac.o(.text.main)
    __arm_cp.7_33                            0x0000105c   Number         4  lto-llvm-c3c3ac.o(.text.main)
    __arm_cp.7_34                            0x00001060   Number         4  lto-llvm-c3c3ac.o(.text.main)
    __arm_cp.7_35                            0x00001064   Number         4  lto-llvm-c3c3ac.o(.text.main)
    __arm_cp.7_36                            0x00001068   Number         4  lto-llvm-c3c3ac.o(.text.main)
    __arm_cp.7_37                            0x0000106c   Number         4  lto-llvm-c3c3ac.o(.text.main)
    __arm_cp.7_38                            0x00001070   Number         4  lto-llvm-c3c3ac.o(.text.main)
    __arm_cp.7_39                            0x00001074   Number         4  lto-llvm-c3c3ac.o(.text.main)
    __arm_cp.7_40                            0x00001078   Number         4  lto-llvm-c3c3ac.o(.text.main)
    readFromFlash                            0x0000107d   Thumb Code    96  lto-llvm-c3c3ac.o(.text.readFromFlash)
    [Anonymous Symbol]                       0x0000107c   Section        0  lto-llvm-c3c3ac.o(.text.readFromFlash)
    __arm_cp.9_0                             0x000010dc   Number         4  lto-llvm-c3c3ac.o(.text.readFromFlash)
    usTick_Delay                             0x0000113d   Thumb Code    16  lto-llvm-c3c3ac.o(.text.usTick_Delay)
    [Anonymous Symbol]                       0x0000113c   Section        0  lto-llvm-c3c3ac.o(.text.usTick_Delay)
    __arm_cp.5_0                             0x0000114c   Number         4  lto-llvm-c3c3ac.o(.text.usTick_Delay)
    i.__0sprintf                             0x00001150   Section        0  printfa.o(i.__0sprintf)
    i.__0vsnprintf                           0x00001178   Section        0  printfa.o(i.__0vsnprintf)
    i.__ARM_clz                              0x000011a8   Section        0  depilogue.o(i.__ARM_clz)
    i.__scatterload_copy                     0x000011d6   Section       14  handlers.o(i.__scatterload_copy)
    i.__scatterload_null                     0x000011e4   Section        2  handlers.o(i.__scatterload_null)
    i.__scatterload_zeroinit                 0x000011e6   Section       14  handlers.o(i.__scatterload_zeroinit)
    _fp_digits                               0x000011f5   Thumb Code   344  printfa.o(i._fp_digits)
    i._fp_digits                             0x000011f4   Section        0  printfa.o(i._fp_digits)
    _printf_core                             0x00001369   Thumb Code  1754  printfa.o(i._printf_core)
    i._printf_core                           0x00001368   Section        0  printfa.o(i._printf_core)
    _printf_post_padding                     0x00001a55   Thumb Code    32  printfa.o(i._printf_post_padding)
    i._printf_post_padding                   0x00001a54   Section        0  printfa.o(i._printf_post_padding)
    _printf_pre_padding                      0x00001a75   Thumb Code    44  printfa.o(i._printf_pre_padding)
    i._printf_pre_padding                    0x00001a74   Section        0  printfa.o(i._printf_pre_padding)
    _snputc                                  0x00001aa1   Thumb Code    22  printfa.o(i._snputc)
    i._snputc                                0x00001aa0   Section        0  printfa.o(i._snputc)
    _sputc                                   0x00001ab7   Thumb Code    10  printfa.o(i._sputc)
    i._sputc                                 0x00001ab6   Section        0  printfa.o(i._sputc)
    [Anonymous Symbol]                       0x00001ac0   Section        0  lto-llvm-c3c3ac.o(.rodata.str1.1)
    clap_keyOut.keyPressed                   0x20000000   Data           1  lto-llvm-c3c3ac.o(.bss..L_MergedGlobals)
    [Anonymous Symbol]                       0x20000000   Section        0  lto-llvm-c3c3ac.o(.bss..L_MergedGlobals)
    clap_keyOut.lastKey                      0x20000001   Data           1  lto-llvm-c3c3ac.o(.bss..L_MergedGlobals)
    multiDetector.0                          0x20000004   Data           1  lto-llvm-c3c3ac.o(.bss..L_MergedGlobals)
    gRevLen                                  0x20000006   Data           2  lto-llvm-c3c3ac.o(.bss..L_MergedGlobals)
    gLastRevTick                             0x20000008   Data           4  lto-llvm-c3c3ac.o(.bss..L_MergedGlobals)
    gOtherInts                               0x2000000c   Data           4  lto-llvm-c3c3ac.o(.bss..L_MergedGlobals)
    gTick                                    0x20000010   Data           4  lto-llvm-c3c3ac.o(.bss..L_MergedGlobals)
    main.clapTick                            0x20000014   Data           4  lto-llvm-c3c3ac.o(.bss..L_MergedGlobals)
    main.dbgTick                             0x20000018   Data           4  lto-llvm-c3c3ac.o(.bss..L_MergedGlobals)
    multiDetector.1                          0x2000001c   Data           4  lto-llvm-c3c3ac.o(.bss..L_MergedGlobals)
    multiDetector.2                          0x20000020   Data           4  lto-llvm-c3c3ac.o(.bss..L_MergedGlobals)
    gclapParam                               0x20000024   Data           6  lto-llvm-c3c3ac.o(.bss..L_MergedGlobals)
    gRevBuf                                  0x2000002a   Data          65  lto-llvm-c3c3ac.o(.bss..L_MergedGlobals)
    Uart_SendStr.buf                         0x2000006b   Data         128  lto-llvm-c3c3ac.o(.bss.Uart_SendStr.buf)
    [Anonymous Symbol]                       0x2000006b   Section        0  lto-llvm-c3c3ac.o(.bss.Uart_SendStr.buf)
    gUsTick                                  0x200000ec   Data           4  lto-llvm-c3c3ac.o(.bss.gUsTick)
    [Anonymous Symbol]                       0x200000ec   Section        0  lto-llvm-c3c3ac.o(.bss.gUsTick)
    reportClapParam.buf                      0x200000f0   Data         100  lto-llvm-c3c3ac.o(.bss.reportClapParam.buf)
    [Anonymous Symbol]                       0x200000f0   Section        0  lto-llvm-c3c3ac.o(.bss.reportClapParam.buf)
    reportClapStatus.buf                     0x20000154   Data         100  lto-llvm-c3c3ac.o(.bss.reportClapStatus.buf)
    [Anonymous Symbol]                       0x20000154   Section        0  lto-llvm-c3c3ac.o(.bss.reportClapStatus.buf)
    STACK                                    0x200001b8   Section      512  startup_pt32y003x.o(STACK)

    Global Symbols

    Symbol Name                              Value     Ov Type        Size  Object(Section)

    BuildAttributes$$THM_ISAv3M$S$PE$A:L22$X:L11$S22$IEEE1$IW$~IW$USESV6$~STKCKD$USESV7$~SHL$OSPACE$ROPI$IEEEF$EBA8$MICROLIB$REQ8$PRES8$EABIv2 0x00000000   Number         0  anon$$obj.o ABSOLUTE
    __Vectors                                0x00000000   Data           4  startup_pt32y003x.o(RESET)
    _printf_a                                0x00000000   Number         0  printfstubs.o ABSOLUTE
    _printf_c                                0x00000000   Number         0  printfstubs.o ABSOLUTE
    _printf_charcount                        0x00000000   Number         0  printfstubs.o ABSOLUTE
    _printf_d                                0x00000000   Number         0  printfstubs.o ABSOLUTE
    _printf_e                                0x00000000   Number         0  printfstubs.o ABSOLUTE
    _printf_f                                0x00000000   Number         0  printfstubs.o ABSOLUTE
    _printf_flags                            0x00000000   Number         0  printfstubs.o ABSOLUTE
    _printf_fp_dec                           0x00000000   Number         0  printfstubs.o ABSOLUTE
    _printf_fp_hex                           0x00000000   Number         0  printfstubs.o ABSOLUTE
    _printf_g                                0x00000000   Number         0  printfstubs.o ABSOLUTE
    _printf_i                                0x00000000   Number         0  printfstubs.o ABSOLUTE
    _printf_int_dec                          0x00000000   Number         0  printfstubs.o ABSOLUTE
    _printf_l                                0x00000000   Number         0  printfstubs.o ABSOLUTE
    _printf_lc                               0x00000000   Number         0  printfstubs.o ABSOLUTE
    _printf_ll                               0x00000000   Number         0  printfstubs.o ABSOLUTE
    _printf_lld                              0x00000000   Number         0  printfstubs.o ABSOLUTE
    _printf_lli                              0x00000000   Number         0  printfstubs.o ABSOLUTE
    _printf_llo                              0x00000000   Number         0  printfstubs.o ABSOLUTE
    _printf_llu                              0x00000000   Number         0  printfstubs.o ABSOLUTE
    _printf_llx                              0x00000000   Number         0  printfstubs.o ABSOLUTE
    _printf_longlong_dec                     0x00000000   Number         0  printfstubs.o ABSOLUTE
    _printf_longlong_hex                     0x00000000   Number         0  printfstubs.o ABSOLUTE
    _printf_longlong_oct                     0x00000000   Number         0  printfstubs.o ABSOLUTE
    _printf_ls                               0x00000000   Number         0  printfstubs.o ABSOLUTE
    _printf_mbtowc                           0x00000000   Number         0  printfstubs.o ABSOLUTE
    _printf_n                                0x00000000   Number         0  printfstubs.o ABSOLUTE
    _printf_o                                0x00000000   Number         0  printfstubs.o ABSOLUTE
    _printf_p                                0x00000000   Number         0  printfstubs.o ABSOLUTE
    _printf_percent                          0x00000000   Number         0  printfstubs.o ABSOLUTE
    _printf_pre_padding                      0x00000000   Number         0  printfstubs.o ABSOLUTE
    _printf_return_value                     0x00000000   Number         0  printfstubs.o ABSOLUTE
    _printf_s                                0x00000000   Number         0  printfstubs.o ABSOLUTE
    _printf_sizespec                         0x00000000   Number         0  printfstubs.o ABSOLUTE
    _printf_str                              0x00000000   Number         0  printfstubs.o ABSOLUTE
    _printf_truncate_signed                  0x00000000   Number         0  printfstubs.o ABSOLUTE
    _printf_truncate_unsigned                0x00000000   Number         0  printfstubs.o ABSOLUTE
    _printf_u                                0x00000000   Number         0  printfstubs.o ABSOLUTE
    _printf_wc                               0x00000000   Number         0  printfstubs.o ABSOLUTE
    _printf_wctomb                           0x00000000   Number         0  printfstubs.o ABSOLUTE
    _printf_widthprec                        0x00000000   Number         0  printfstubs.o ABSOLUTE
    _printf_x                                0x00000000   Number         0  printfstubs.o ABSOLUTE
    __cpp_initialize__aeabi_                  - Undefined Weak Reference
    __cxa_finalize                            - Undefined Weak Reference
    __decompress                              - Undefined Weak Reference
    _clock_init                               - Undefined Weak Reference
    _microlib_exit                            - Undefined Weak Reference
    Reset_Handler                            0x000000c1   Thumb Code     8  startup_pt32y003x.o(RESET)
    HSEFAIL_Handler                          0x000000d3   Thumb Code     0  startup_pt32y003x.o(RESET)
    __main                                   0x000000dd   Thumb Code     0  entry.o(.ARM.Collect$$$$00000000)
    _main_stk                                0x000000dd   Thumb Code     0  entry2.o(.ARM.Collect$$$$00000001)
    _main_scatterload                        0x000000e1   Thumb Code     0  entry5.o(.ARM.Collect$$$$00000004)
    __main_after_scatterload                 0x000000e5   Thumb Code     0  entry5.o(.ARM.Collect$$$$00000004)
    _main_clock                              0x000000e5   Thumb Code     0  entry7b.o(.ARM.Collect$$$$00000008)
    _main_cpp_init                           0x000000e5   Thumb Code     0  entry8b.o(.ARM.Collect$$$$0000000A)
    _main_init                               0x000000e5   Thumb Code     0  entry9a.o(.ARM.Collect$$$$0000000B)
    __rt_final_cpp                           0x000000ed   Thumb Code     0  entry10a.o(.ARM.Collect$$$$0000000D)
    __rt_final_exit                          0x000000ed   Thumb Code     0  entry11a.o(.ARM.Collect$$$$0000000F)
    __aeabi_uldivmod                         0x000000f1   Thumb Code    96  uldiv.o(.text)
    __I$use$fp                               0x00000151   Thumb Code     0  iusefp.o(.text)
    __aeabi_dadd                             0x00000151   Thumb Code   328  dadd.o(.text)
    __aeabi_dsub                             0x00000299   Thumb Code    12  dadd.o(.text)
    __aeabi_drsub                            0x000002a5   Thumb Code    12  dadd.o(.text)
    __aeabi_dmul                             0x000002b5   Thumb Code   202  dmul.o(.text)
    __aeabi_ddiv                             0x00000385   Thumb Code   234  ddiv.o(.text)
    __aeabi_d2ulz                            0x00000475   Thumb Code    54  dfixul.o(.text)
    __aeabi_cdrcmple                         0x000004b5   Thumb Code    38  cdrcmple.o(.text)
    __scatterload                            0x000004dd   Thumb Code    38  init.o(.text)
    __scatterload_rt2                        0x000004dd   Thumb Code     0  init.o(.text)
    __aeabi_uidiv                            0x0000050d   Thumb Code     0  uidiv_div0.o(.text)
    __aeabi_uidivmod                         0x0000050d   Thumb Code    62  uidiv_div0.o(.text)
    __aeabi_llsl                             0x0000054b   Thumb Code    32  llshl.o(.text)
    _ll_shift_l                              0x0000054b   Thumb Code     0  llshl.o(.text)
    __aeabi_llsr                             0x0000056b   Thumb Code    34  llushr.o(.text)
    _ll_ushift_r                             0x0000056b   Thumb Code     0  llushr.o(.text)
    __aeabi_lasr                             0x0000058d   Thumb Code    38  llsshr.o(.text)
    _ll_sshift_r                             0x0000058d   Thumb Code     0  llsshr.o(.text)
    _double_round                            0x000005b3   Thumb Code    26  depilogue.o(.text)
    _double_epilogue                         0x000005cd   Thumb Code   164  depilogue.o(.text)
    __aeabi_memcpy                           0x00000671   Thumb Code    36  memcpya.o(.text)
    __aeabi_memcpy4                          0x00000671   Thumb Code     0  memcpya.o(.text)
    __aeabi_memcpy8                          0x00000671   Thumb Code     0  memcpya.o(.text)
    __aeabi_memset                           0x00000695   Thumb Code    14  memseta.o(.text)
    __aeabi_memset4                          0x00000695   Thumb Code     0  memseta.o(.text)
    __aeabi_memset8                          0x00000695   Thumb Code     0  memseta.o(.text)
    __aeabi_memclr                           0x000006a3   Thumb Code     4  memseta.o(.text)
    __aeabi_memclr4                          0x000006a3   Thumb Code     0  memseta.o(.text)
    __aeabi_memclr8                          0x000006a3   Thumb Code     0  memseta.o(.text)
    _memset$wrapper                          0x000006a7   Thumb Code    18  memseta.o(.text)
    memcmp                                   0x000006b9   Thumb Code    26  memcmp.o(.text)
    ADC_Handler                              0x000006d5   Thumb Code    48  lto-llvm-c3c3ac.o(.text.ADC_Handler)
    EXTIA_Handler                            0x0000070d   Thumb Code     2  lto-llvm-c3c3ac.o(.text.EXTIA_Handler)
    EXTIB_Handler                            0x0000070f   Thumb Code     2  lto-llvm-c3c3ac.o(.text.EXTIB_Handler)
    EXTIC_Handler                            0x00000711   Thumb Code     2  lto-llvm-c3c3ac.o(.text.EXTIC_Handler)
    EXTID_Handler                            0x00000713   Thumb Code     2  lto-llvm-c3c3ac.o(.text.EXTID_Handler)
    HardFault_Handler                        0x000007d1   Thumb Code     2  lto-llvm-c3c3ac.o(.text.HardFault_Handler)
    I2C0_Handler                             0x000007d3   Thumb Code     2  lto-llvm-c3c3ac.o(.text.I2C0_Handler)
    IMMC_Handler                             0x000007d5   Thumb Code     2  lto-llvm-c3c3ac.o(.text.IMMC_Handler)
    NMI_Handler                              0x000007d7   Thumb Code     2  lto-llvm-c3c3ac.o(.text.NMI_Handler)
    PVD_Handler                              0x00000835   Thumb Code     2  lto-llvm-c3c3ac.o(.text.PVD_Handler)
    PendSV_Handler                           0x00000837   Thumb Code     2  lto-llvm-c3c3ac.o(.text.PendSV_Handler)
    SPI0_Handler                             0x00000839   Thumb Code     2  lto-llvm-c3c3ac.o(.text.SPI0_Handler)
    SVC_Handler                              0x0000083b   Thumb Code     2  lto-llvm-c3c3ac.o(.text.SVC_Handler)
    SysTick_Handler                          0x0000083d   Thumb Code     2  lto-llvm-c3c3ac.o(.text.SysTick_Handler)
    SystemInit                               0x00000841   Thumb Code   156  lto-llvm-c3c3ac.o(.text.SystemInit)
    TIM1_Handler                             0x000008e9   Thumb Code     2  lto-llvm-c3c3ac.o(.text.TIM1_Handler)
    TIM2_Handler                             0x000008ed   Thumb Code    28  lto-llvm-c3c3ac.o(.text.TIM2_Handler)
    TIM3_Handler                             0x00000909   Thumb Code    28  lto-llvm-c3c3ac.o(.text.TIM3_Handler)
    TIM4_Handler                             0x00000929   Thumb Code     2  lto-llvm-c3c3ac.o(.text.TIM4_Handler)
    UART0_Handler                            0x00000985   Thumb Code    76  lto-llvm-c3c3ac.o(.text.UART0_Handler)
    UART1_Handler                            0x000009d5   Thumb Code     2  lto-llvm-c3c3ac.o(.text.UART1_Handler)
    main                                     0x00000a99   Thumb Code  1276  lto-llvm-c3c3ac.o(.text.main)
    __0sprintf                               0x00001151   Thumb Code    36  printfa.o(i.__0sprintf)
    __1sprintf                               0x00001151   Thumb Code     0  printfa.o(i.__0sprintf)
    __2sprintf                               0x00001151   Thumb Code     0  printfa.o(i.__0sprintf)
    __c89sprintf                             0x00001151   Thumb Code     0  printfa.o(i.__0sprintf)
    sprintf                                  0x00001151   Thumb Code     0  printfa.o(i.__0sprintf)
    __0vsnprintf                             0x00001179   Thumb Code    44  printfa.o(i.__0vsnprintf)
    __1vsnprintf                             0x00001179   Thumb Code     0  printfa.o(i.__0vsnprintf)
    __2vsnprintf                             0x00001179   Thumb Code     0  printfa.o(i.__0vsnprintf)
    __c89vsnprintf                           0x00001179   Thumb Code     0  printfa.o(i.__0vsnprintf)
    vsnprintf                                0x00001179   Thumb Code     0  printfa.o(i.__0vsnprintf)
    __ARM_clz                                0x000011a9   Thumb Code    46  depilogue.o(i.__ARM_clz)
    __scatterload_copy                       0x000011d7   Thumb Code    14  handlers.o(i.__scatterload_copy)
    __scatterload_null                       0x000011e5   Thumb Code     2  handlers.o(i.__scatterload_null)
    __scatterload_zeroinit                   0x000011e7   Thumb Code    14  handlers.o(i.__scatterload_zeroinit)
    Region$$Table$$Base                      0x00001c70   Number         0  anon$$obj.o(Region$$Table)
    Region$$Table$$Limit                     0x00001c80   Number         0  anon$$obj.o(Region$$Table)
    __initial_sp                             0x200003b8   Data           0  startup_pt32y003x.o(STACK)



==============================================================================

Memory Map of the image

  Image Entry point : 0x000000dd

  Load Region LR_IROM1 (Base: 0x00000000, Size: 0x00001c80, Max: 0x00008000, ABSOLUTE)

    Execution Region ER_IROM1 (Exec base: 0x00000000, Load base: 0x00000000, Size: 0x00001c80, Max: 0x00008000, ABSOLUTE)

    Exec Addr    Load Addr    Size         Type   Attr      Idx    E Section Name        Object

    0x00000000   0x00000000   0x000000dc   Code   RO           13    RESET               startup_pt32y003x.o
    0x000000dc   0x000000dc   0x00000000   Code   RO           37  * .ARM.Collect$$$$00000000  mc_p.l(entry.o)
    0x000000dc   0x000000dc   0x00000004   Code   RO          303    .ARM.Collect$$$$00000001  mc_p.l(entry2.o)
    0x000000e0   0x000000e0   0x00000004   Code   RO          306    .ARM.Collect$$$$00000004  mc_p.l(entry5.o)
    0x000000e4   0x000000e4   0x00000000   Code   RO          308    .ARM.Collect$$$$00000008  mc_p.l(entry7b.o)
    0x000000e4   0x000000e4   0x00000000   Code   RO          310    .ARM.Collect$$$$0000000A  mc_p.l(entry8b.o)
    0x000000e4   0x000000e4   0x00000008   Code   RO          311    .ARM.Collect$$$$0000000B  mc_p.l(entry9a.o)
    0x000000ec   0x000000ec   0x00000000   Code   RO          313    .ARM.Collect$$$$0000000D  mc_p.l(entry10a.o)
    0x000000ec   0x000000ec   0x00000000   Code   RO          315    .ARM.Collect$$$$0000000F  mc_p.l(entry11a.o)
    0x000000ec   0x000000ec   0x00000004   Code   RO          304    .ARM.Collect$$$$00002712  mc_p.l(entry2.o)
    0x000000f0   0x000000f0   0x00000060   Code   RO          322    .text               mc_p.l(uldiv.o)
    0x00000150   0x00000150   0x00000000   Code   RO          324    .text               mc_p.l(iusefp.o)
    0x00000150   0x00000150   0x00000164   Code   RO          325    .text               mf_p.l(dadd.o)
    0x000002b4   0x000002b4   0x000000d0   Code   RO          327    .text               mf_p.l(dmul.o)
    0x00000384   0x00000384   0x000000f0   Code   RO          329    .text               mf_p.l(ddiv.o)
    0x00000474   0x00000474   0x00000040   Code   RO          331    .text               mf_p.l(dfixul.o)
    0x000004b4   0x000004b4   0x00000028   Code   RO          333    .text               mf_p.l(cdrcmple.o)
    0x000004dc   0x000004dc   0x00000030   Code   RO          335    .text               mc_p.l(init.o)
    0x0000050c   0x0000050c   0x0000003e   Code   RO          339    .text               mc_p.l(uidiv_div0.o)
    0x0000054a   0x0000054a   0x00000020   Code   RO          345    .text               mc_p.l(llshl.o)
    0x0000056a   0x0000056a   0x00000022   Code   RO          347    .text               mc_p.l(llushr.o)
    0x0000058c   0x0000058c   0x00000026   Code   RO          349    .text               mc_p.l(llsshr.o)
    0x000005b2   0x000005b2   0x000000be   Code   RO          351    .text               mf_p.l(depilogue.o)
    0x00000670   0x00000670   0x00000024   Code   RO          436    .text               mc_p.l(memcpya.o)
    0x00000694   0x00000694   0x00000024   Code   RO          438    .text               mc_p.l(memseta.o)
    0x000006b8   0x000006b8   0x0000001a   Code   RO          440    .text               mc_p.l(memcmp.o)
    0x000006d2   0x000006d2   0x00000002   PAD
    0x000006d4   0x000006d4   0x00000038   Code   RO          356    .text.ADC_Handler   lto-llvm-c3c3ac.o
    0x0000070c   0x0000070c   0x00000002   Code   RO          402    .text.EXTIA_Handler  lto-llvm-c3c3ac.o
    0x0000070e   0x0000070e   0x00000002   Code   RO          404    .text.EXTIB_Handler  lto-llvm-c3c3ac.o
    0x00000710   0x00000710   0x00000002   Code   RO          406    .text.EXTIC_Handler  lto-llvm-c3c3ac.o
    0x00000712   0x00000712   0x00000002   Code   RO          408    .text.EXTID_Handler  lto-llvm-c3c3ac.o
    0x00000714   0x00000714   0x0000003c   Code   RO          384    .text.GPIO_DigitalRemapConfig  lto-llvm-c3c3ac.o
    0x00000750   0x00000750   0x00000080   Code   RO          382    .text.GPIO_Init     lto-llvm-c3c3ac.o
    0x000007d0   0x000007d0   0x00000002   Code   RO          392    .text.HardFault_Handler  lto-llvm-c3c3ac.o
    0x000007d2   0x000007d2   0x00000002   Code   RO          416    .text.I2C0_Handler  lto-llvm-c3c3ac.o
    0x000007d4   0x000007d4   0x00000002   Code   RO          400    .text.IMMC_Handler  lto-llvm-c3c3ac.o
    0x000007d6   0x000007d6   0x00000002   Code   RO          390    .text.NMI_Handler   lto-llvm-c3c3ac.o
    0x000007d8   0x000007d8   0x0000005c   Code   RO          388    .text.NVIC_Init     lto-llvm-c3c3ac.o
    0x00000834   0x00000834   0x00000002   Code   RO          414    .text.PVD_Handler   lto-llvm-c3c3ac.o
    0x00000836   0x00000836   0x00000002   Code   RO          396    .text.PendSV_Handler  lto-llvm-c3c3ac.o
    0x00000838   0x00000838   0x00000002   Code   RO          418    .text.SPI0_Handler  lto-llvm-c3c3ac.o
    0x0000083a   0x0000083a   0x00000002   Code   RO          394    .text.SVC_Handler   lto-llvm-c3c3ac.o
    0x0000083c   0x0000083c   0x00000002   Code   RO          398    .text.SysTick_Handler  lto-llvm-c3c3ac.o
    0x0000083e   0x0000083e   0x00000002   PAD
    0x00000840   0x00000840   0x000000a8   Code   RO          376    .text.SystemInit    lto-llvm-c3c3ac.o
    0x000008e8   0x000008e8   0x00000002   Code   RO          410    .text.TIM1_Handler  lto-llvm-c3c3ac.o
    0x000008ea   0x000008ea   0x00000002   PAD
    0x000008ec   0x000008ec   0x0000001c   Code   RO          362    .text.TIM2_Handler  lto-llvm-c3c3ac.o
    0x00000908   0x00000908   0x00000020   Code   RO          364    .text.TIM3_Handler  lto-llvm-c3c3ac.o
    0x00000928   0x00000928   0x00000002   Code   RO          412    .text.TIM4_Handler  lto-llvm-c3c3ac.o
    0x0000092a   0x0000092a   0x00000002   PAD
    0x0000092c   0x0000092c   0x00000058   Code   RO          386    .text.TIM_TimeBaseInit  lto-llvm-c3c3ac.o
    0x00000984   0x00000984   0x00000050   Code   RO          358    .text.UART0_Handler  lto-llvm-c3c3ac.o
    0x000009d4   0x000009d4   0x00000002   Code   RO          420    .text.UART1_Handler  lto-llvm-c3c3ac.o
    0x000009d6   0x000009d6   0x00000002   PAD
    0x000009d8   0x000009d8   0x0000004c   Code   RO          360    .text.Uart_SendStr  lto-llvm-c3c3ac.o
    0x00000a24   0x00000a24   0x0000003c   Code   RO          372    .text.assert_failed  lto-llvm-c3c3ac.o
    0x00000a60   0x00000a60   0x00000038   Code   RO          368    .text.crc16         lto-llvm-c3c3ac.o
    0x00000a98   0x00000a98   0x000005e4   Code   RO          370    .text.main          lto-llvm-c3c3ac.o
    0x0000107c   0x0000107c   0x000000c0   Code   RO          374    .text.readFromFlash  lto-llvm-c3c3ac.o
    0x0000113c   0x0000113c   0x00000014   Code   RO          366    .text.usTick_Delay  lto-llvm-c3c3ac.o
    0x00001150   0x00001150   0x00000028   Code   RO          277    i.__0sprintf        mc_p.l(printfa.o)
    0x00001178   0x00001178   0x00000030   Code   RO          280    i.__0vsnprintf      mc_p.l(printfa.o)
    0x000011a8   0x000011a8   0x0000002e   Code   RO          353    i.__ARM_clz         mf_p.l(depilogue.o)
    0x000011d6   0x000011d6   0x0000000e   Code   RO          446    i.__scatterload_copy  mc_p.l(handlers.o)
    0x000011e4   0x000011e4   0x00000002   Code   RO          447    i.__scatterload_null  mc_p.l(handlers.o)
    0x000011e6   0x000011e6   0x0000000e   Code   RO          448    i.__scatterload_zeroinit  mc_p.l(handlers.o)
    0x000011f4   0x000011f4   0x00000174   Code   RO          282    i._fp_digits        mc_p.l(printfa.o)
    0x00001368   0x00001368   0x000006ec   Code   RO          283    i._printf_core      mc_p.l(printfa.o)
    0x00001a54   0x00001a54   0x00000020   Code   RO          284    i._printf_post_padding  mc_p.l(printfa.o)
    0x00001a74   0x00001a74   0x0000002c   Code   RO          285    i._printf_pre_padding  mc_p.l(printfa.o)
    0x00001aa0   0x00001aa0   0x00000016   Code   RO          286    i._snputc           mc_p.l(printfa.o)
    0x00001ab6   0x00001ab6   0x0000000a   Code   RO          287    i._sputc            mc_p.l(printfa.o)
    0x00001ac0   0x00001ac0   0x000001ad   Data   RO          424    .rodata.str1.1      lto-llvm-c3c3ac.o
    0x00001c6d   0x00001c6d   0x00000003   PAD
    0x00001c70   0x00001c70   0x00000010   Data   RO          445    Region$$Table       anon$$obj.o


    Execution Region RW_IRAM1 (Exec base: 0x20000000, Load base: 0x00001c80, Size: 0x000003b8, Max: 0x00000800, ABSOLUTE)

    Exec Addr    Load Addr    Size         Type   Attr      Idx    E Section Name        Object

    0x20000000        -       0x0000006b   Zero   RW          428    .bss..L_MergedGlobals  lto-llvm-c3c3ac.o
    0x2000006b        -       0x00000080   Zero   RW          422    .bss.Uart_SendStr.buf  lto-llvm-c3c3ac.o
    0x200000eb   0x00001c80   0x00000001   PAD
    0x200000ec        -       0x00000004   Zero   RW          423    .bss.gUsTick        lto-llvm-c3c3ac.o
    0x200000f0        -       0x00000064   Zero   RW          427    .bss.reportClapParam.buf  lto-llvm-c3c3ac.o
    0x20000154        -       0x00000064   Zero   RW          426    .bss.reportClapStatus.buf  lto-llvm-c3c3ac.o
    0x200001b8        -       0x00000200   Zero   RW           11    STACK               startup_pt32y003x.o


==============================================================================

Image component sizes


      Code (inc. data)   RO Data    RW Data    ZI Data      Debug   Object Name

      2676        516        429          0        439      35871   lto-llvm-c3c3ac.o
       220        200          0          0        512        636   startup_pt32y003x.o

    ----------------------------------------------------------------------
      2904        716        448          0        952      36507   Object Totals
         0          0         16          0          0          0   (incl. Generated)
         8          0          3          0          1          0   (incl. Padding)

    ----------------------------------------------------------------------

      Code (inc. data)   RO Data    RW Data    ZI Data      Debug   Library Member Name

         0          0          0          0          0          0   entry.o
         0          0          0          0          0          0   entry10a.o
         0          0          0          0          0          0   entry11a.o
         8          4          0          0          0          0   entry2.o
         4          0          0          0          0          0   entry5.o
         0          0          0          0          0          0   entry7b.o
         0          0          0          0          0          0   entry8b.o
         8          4          0          0          0          0   entry9a.o
        30          0          0          0          0          0   handlers.o
        48         10          0          0          0         68   init.o
         0          0          0          0          0          0   iusefp.o
        32          0          0          0          0         68   llshl.o
        38          0          0          0          0         68   llsshr.o
        34          0          0          0          0         68   llushr.o
        26          0          0          0          0         72   memcmp.o
        36          0          0          0          0         60   memcpya.o
        36          0          0          0          0        100   memseta.o
      2340         98          0          0          0        604   printfa.o
        62          0          0          0          0         72   uidiv_div0.o
        96          0          0          0          0         84   uldiv.o
        40          2          0          0          0         68   cdrcmple.o
       356          4          0          0          0        140   dadd.o
       240          6          0          0          0         84   ddiv.o
       236          0          0          0          0        216   depilogue.o
        64         10          0          0          0         68   dfixul.o
       208          6          0          0          0         88   dmul.o

    ----------------------------------------------------------------------
      3944        144          0          0          0       1928   Library Totals
         2          0          0          0          0          0   (incl. Padding)

    ----------------------------------------------------------------------

      Code (inc. data)   RO Data    RW Data    ZI Data      Debug   Library Name

      2798        116          0          0          0       1264   mc_p.l
      1144         28          0          0          0        664   mf_p.l

    ----------------------------------------------------------------------
      3944        144          0          0          0       1928   Library Totals

    ----------------------------------------------------------------------

==============================================================================


      Code (inc. data)   RO Data    RW Data    ZI Data      Debug   

      6848        860        448          0        952      37611   Grand Totals
      6848        860        448          0        952      37611   ELF Image Totals
      6848        860        448          0          0          0   ROM Totals

==============================================================================

    Total RO  Size (Code + RO Data)                 7296 (   7.12kB)
    Total RW  Size (RW Data + ZI Data)               952 (   0.93kB)
    Total ROM Size (Code + RO Data + RW Data)       7296 (   7.12kB)

==============================================================================

