Component: Arm Compiler for Embedded 6.22 Tool: armlink [5ee90200]

==============================================================================

Section Cross References

    startup_pt32y003x.o(RESET) refers to startup_pt32y003x.o(STACK) for __initial_sp
    startup_pt32y003x.o(RESET) refers to lto-llvm-3e1115.o(.text.NMI_Handler) for NMI_Handler
    startup_pt32y003x.o(RESET) refers to lto-llvm-3e1115.o(.text.HardFault_Handler) for HardFault_Handler
    startup_pt32y003x.o(RESET) refers to lto-llvm-3e1115.o(.text.SVC_Handler) for SVC_Handler
    startup_pt32y003x.o(RESET) refers to lto-llvm-3e1115.o(.text.PendSV_Handler) for PendSV_Handler
    startup_pt32y003x.o(RESET) refers to lto-llvm-3e1115.o(.text.SysTick_Handler) for SysTick_Handler
    startup_pt32y003x.o(RESET) refers to lto-llvm-3e1115.o(.text.IMMC_Handler) for IMMC_Handler
    startup_pt32y003x.o(RESET) refers to lto-llvm-3e1115.o(.text.EXTIA_Handler) for EXTIA_Handler
    startup_pt32y003x.o(RESET) refers to lto-llvm-3e1115.o(.text.EXTIB_Handler) for EXTIB_Handler
    startup_pt32y003x.o(RESET) refers to lto-llvm-3e1115.o(.text.EXTIC_Handler) for EXTIC_Handler
    startup_pt32y003x.o(RESET) refers to lto-llvm-3e1115.o(.text.EXTID_Handler) for EXTID_Handler
    startup_pt32y003x.o(RESET) refers to lto-llvm-3e1115.o(.text.ADC_Handler) for ADC_Handler
    startup_pt32y003x.o(RESET) refers to lto-llvm-3e1115.o(.text.TIM1_Handler) for TIM1_Handler
    startup_pt32y003x.o(RESET) refers to lto-llvm-3e1115.o(.text.TIM4_Handler) for TIM4_Handler
    startup_pt32y003x.o(RESET) refers to lto-llvm-3e1115.o(.text.TIM3_Handler) for TIM3_Handler
    startup_pt32y003x.o(RESET) refers to lto-llvm-3e1115.o(.text.TIM2_Handler) for TIM2_Handler
    startup_pt32y003x.o(RESET) refers to lto-llvm-3e1115.o(.text.PVD_Handler) for PVD_Handler
    startup_pt32y003x.o(RESET) refers to lto-llvm-3e1115.o(.text.I2C0_Handler) for I2C0_Handler
    startup_pt32y003x.o(RESET) refers to lto-llvm-3e1115.o(.text.SPI0_Handler) for SPI0_Handler
    startup_pt32y003x.o(RESET) refers to lto-llvm-3e1115.o(.text.UART0_Handler) for UART0_Handler
    startup_pt32y003x.o(RESET) refers to lto-llvm-3e1115.o(.text.UART1_Handler) for UART1_Handler
    startup_pt32y003x.o(RESET) refers to lto-llvm-3e1115.o(.text.SystemInit) for SystemInit
    startup_pt32y003x.o(RESET) refers to entry.o(.ARM.Collect$$$$00000000) for __main
    entry.o(.ARM.Collect$$$$00000000) refers (Special) to entry10a.o(.ARM.Collect$$$$0000000D) for __rt_final_cpp
    entry.o(.ARM.Collect$$$$00000000) refers (Special) to entry11a.o(.ARM.Collect$$$$0000000F) for __rt_final_exit
    entry.o(.ARM.Collect$$$$00000000) refers (Special) to entry7b.o(.ARM.Collect$$$$00000008) for _main_clock
    entry.o(.ARM.Collect$$$$00000000) refers (Special) to entry8b.o(.ARM.Collect$$$$0000000A) for _main_cpp_init
    entry.o(.ARM.Collect$$$$00000000) refers (Special) to entry9a.o(.ARM.Collect$$$$0000000B) for _main_init
    entry.o(.ARM.Collect$$$$00000000) refers (Special) to entry5.o(.ARM.Collect$$$$00000004) for _main_scatterload
    entry.o(.ARM.Collect$$$$00000000) refers (Special) to entry2.o(.ARM.Collect$$$$00000001) for _main_stk
    printfa.o(i.__0fprintf) refers (Special) to iusefp.o(.text) for __I$use$fp
    printfa.o(i.__0fprintf) refers to printfa.o(i._printf_core) for _printf_core
    printfa.o(i.__0fprintf) refers to lto-llvm-3e1115.o(.text.fputc) for fputc
    printfa.o(i.__0printf) refers (Special) to iusefp.o(.text) for __I$use$fp
    printfa.o(i.__0printf) refers to printfa.o(i._printf_core) for _printf_core
    printfa.o(i.__0printf) refers to lto-llvm-3e1115.o(.text.fputc) for fputc
    printfa.o(i.__0printf) refers to stdout.o(.data) for __stdout
    printfa.o(i.__0snprintf) refers (Special) to iusefp.o(.text) for __I$use$fp
    printfa.o(i.__0snprintf) refers to printfa.o(i._printf_core) for _printf_core
    printfa.o(i.__0snprintf) refers to printfa.o(i._snputc) for _snputc
    printfa.o(i.__0sprintf) refers (Special) to iusefp.o(.text) for __I$use$fp
    printfa.o(i.__0sprintf) refers to printfa.o(i._printf_core) for _printf_core
    printfa.o(i.__0sprintf) refers to printfa.o(i._sputc) for _sputc
    printfa.o(i.__0vfprintf) refers (Special) to iusefp.o(.text) for __I$use$fp
    printfa.o(i.__0vfprintf) refers to printfa.o(i._printf_core) for _printf_core
    printfa.o(i.__0vfprintf) refers to lto-llvm-3e1115.o(.text.fputc) for fputc
    printfa.o(i.__0vprintf) refers (Special) to iusefp.o(.text) for __I$use$fp
    printfa.o(i.__0vprintf) refers to printfa.o(i._printf_core) for _printf_core
    printfa.o(i.__0vprintf) refers to lto-llvm-3e1115.o(.text.fputc) for fputc
    printfa.o(i.__0vprintf) refers to stdout.o(.data) for __stdout
    printfa.o(i.__0vsnprintf) refers (Special) to iusefp.o(.text) for __I$use$fp
    printfa.o(i.__0vsnprintf) refers to printfa.o(i._printf_core) for _printf_core
    printfa.o(i.__0vsnprintf) refers to printfa.o(i._snputc) for _snputc
    printfa.o(i.__0vsprintf) refers (Special) to iusefp.o(.text) for __I$use$fp
    printfa.o(i.__0vsprintf) refers to printfa.o(i._printf_core) for _printf_core
    printfa.o(i.__0vsprintf) refers to printfa.o(i._sputc) for _sputc
    printfa.o(i._fp_digits) refers (Special) to iusefp.o(.text) for __I$use$fp
    printfa.o(i._fp_digits) refers to dmul.o(.text) for __aeabi_dmul
    printfa.o(i._fp_digits) refers to ddiv.o(.text) for __aeabi_ddiv
    printfa.o(i._fp_digits) refers to cdrcmple.o(.text) for __aeabi_cdrcmple
    printfa.o(i._fp_digits) refers to dadd.o(.text) for __aeabi_dadd
    printfa.o(i._fp_digits) refers to dfixul.o(.text) for __aeabi_d2ulz
    printfa.o(i._fp_digits) refers to uldiv.o(.text) for __aeabi_uldivmod
    printfa.o(i._printf_core) refers (Special) to iusefp.o(.text) for __I$use$fp
    printfa.o(i._printf_core) refers to printfa.o(i._printf_pre_padding) for _printf_pre_padding
    printfa.o(i._printf_core) refers to uldiv.o(.text) for __aeabi_uldivmod
    printfa.o(i._printf_core) refers to printfa.o(i._printf_post_padding) for _printf_post_padding
    printfa.o(i._printf_core) refers to printfa.o(i._fp_digits) for _fp_digits
    printfa.o(i._printf_core) refers to uidiv_div0.o(.text) for __aeabi_uidivmod
    printfa.o(i._printf_post_padding) refers (Special) to iusefp.o(.text) for __I$use$fp
    printfa.o(i._printf_pre_padding) refers (Special) to iusefp.o(.text) for __I$use$fp
    printfa.o(i._snputc) refers (Special) to iusefp.o(.text) for __I$use$fp
    printfa.o(i._sputc) refers (Special) to iusefp.o(.text) for __I$use$fp
    entry2.o(.ARM.Collect$$$$00000001) refers to entry2.o(.ARM.Collect$$$$00002712) for __lit__00000000
    entry2.o(.ARM.Collect$$$$00002712) refers to startup_pt32y003x.o(STACK) for __initial_sp
    entry2.o(__vectab_stack_and_reset_area) refers to startup_pt32y003x.o(STACK) for __initial_sp
    entry2.o(__vectab_stack_and_reset_area) refers to entry.o(.ARM.Collect$$$$00000000) for __main
    entry5.o(.ARM.Collect$$$$00000004) refers to init.o(.text) for __scatterload
    entry9a.o(.ARM.Collect$$$$0000000B) refers to lto-llvm-3e1115.o(.text.main) for main
    entry9b.o(.ARM.Collect$$$$0000000C) refers to lto-llvm-3e1115.o(.text.main) for main
    uldiv.o(.text) refers to llushr.o(.text) for __aeabi_llsr
    uldiv.o(.text) refers to llshl.o(.text) for __aeabi_llsl
    dadd.o(.text) refers (Special) to iusefp.o(.text) for __I$use$fp
    dadd.o(.text) refers to llshl.o(.text) for __aeabi_llsl
    dadd.o(.text) refers to llsshr.o(.text) for __aeabi_lasr
    dadd.o(.text) refers to depilogue.o(.text) for _double_epilogue
    dmul.o(.text) refers (Special) to iusefp.o(.text) for __I$use$fp
    dmul.o(.text) refers to depilogue.o(.text) for _double_epilogue
    ddiv.o(.text) refers (Special) to iusefp.o(.text) for __I$use$fp
    ddiv.o(.text) refers to depilogue.o(.text) for _double_round
    dfixul.o(.text) refers (Special) to iusefp.o(.text) for __I$use$fp
    dfixul.o(.text) refers to llushr.o(.text) for __aeabi_llsr
    dfixul.o(.text) refers to llshl.o(.text) for __aeabi_llsl
    cdrcmple.o(.text) refers (Special) to iusefp.o(.text) for __I$use$fp
    init.o(.text) refers to entry5.o(.ARM.Collect$$$$00000004) for __main_after_scatterload
    idiv_div0.o(.text) refers to uidiv_div0.o(.text) for __aeabi_uidivmod
    depilogue.o(.text) refers (Special) to iusefp.o(.text) for __I$use$fp
    depilogue.o(.text) refers to depilogue.o(i.__ARM_clz) for __ARM_clz
    depilogue.o(.text) refers to llshl.o(.text) for __aeabi_llsl
    depilogue.o(.text) refers to llushr.o(.text) for __aeabi_llsr
    lto-llvm-3e1115.o(.text.ADC_Handler) refers to lto-llvm-3e1115.o(.bss..L_MergedGlobals) for [Anonymous Symbol]
    lto-llvm-3e1115.o(.ARM.exidx.text.ADC_Handler) refers to lto-llvm-3e1115.o(.text.ADC_Handler) for [Anonymous Symbol]
    lto-llvm-3e1115.o(.text.UART0_Handler) refers to memseta.o(.text) for __aeabi_memclr4
    lto-llvm-3e1115.o(.text.UART0_Handler) refers to lto-llvm-3e1115.o(.bss..L_MergedGlobals) for [Anonymous Symbol]
    lto-llvm-3e1115.o(.ARM.exidx.text.UART0_Handler) refers to lto-llvm-3e1115.o(.text.UART0_Handler) for [Anonymous Symbol]
    lto-llvm-3e1115.o(.ARM.exidx.text.Uart_SendData) refers to lto-llvm-3e1115.o(.text.Uart_SendData) for [Anonymous Symbol]
    lto-llvm-3e1115.o(.text.Uart_SendStr) refers to printfa.o(i.__0vsnprintf) for vsnprintf
    lto-llvm-3e1115.o(.text.Uart_SendStr) refers to lto-llvm-3e1115.o(.text.Uart_SendData) for Uart_SendData
    lto-llvm-3e1115.o(.text.Uart_SendStr) refers to lto-llvm-3e1115.o(.bss.Uart_SendStr.buf) for [Anonymous Symbol]
    lto-llvm-3e1115.o(.ARM.exidx.text.Uart_SendStr) refers to lto-llvm-3e1115.o(.text.Uart_SendStr) for [Anonymous Symbol]
    lto-llvm-3e1115.o(.text.TIM2_Handler) refers to lto-llvm-3e1115.o(.bss..L_MergedGlobals) for [Anonymous Symbol]
    lto-llvm-3e1115.o(.ARM.exidx.text.TIM2_Handler) refers to lto-llvm-3e1115.o(.text.TIM2_Handler) for [Anonymous Symbol]
    lto-llvm-3e1115.o(.text.TIM3_Handler) refers to lto-llvm-3e1115.o(.bss.gUsTick) for [Anonymous Symbol]
    lto-llvm-3e1115.o(.ARM.exidx.text.TIM3_Handler) refers to lto-llvm-3e1115.o(.text.TIM3_Handler) for [Anonymous Symbol]
    lto-llvm-3e1115.o(.text.usTick_Delay) refers to lto-llvm-3e1115.o(.bss.gUsTick) for [Anonymous Symbol]
    lto-llvm-3e1115.o(.ARM.exidx.text.usTick_Delay) refers to lto-llvm-3e1115.o(.text.usTick_Delay) for [Anonymous Symbol]
    lto-llvm-3e1115.o(.ARM.exidx.text.crc16) refers to lto-llvm-3e1115.o(.text.crc16) for [Anonymous Symbol]
    lto-llvm-3e1115.o(.text.main) refers to lto-llvm-3e1115.o(.text.GPIO_Init) for GPIO_Init
    lto-llvm-3e1115.o(.text.main) refers to lto-llvm-3e1115.o(.text.TIM_TimeBaseInit) for TIM_TimeBaseInit
    lto-llvm-3e1115.o(.text.main) refers to uidiv_div0.o(.text) for __aeabi_uidiv
    lto-llvm-3e1115.o(.text.main) refers to lto-llvm-3e1115.o(.text.crc16) for crc16
    lto-llvm-3e1115.o(.text.main) refers to lto-llvm-3e1115.o(.text.usTick_Delay) for usTick_Delay
    lto-llvm-3e1115.o(.text.main) refers to lto-llvm-3e1115.o(.text.Uart_SendData) for Uart_SendData
    lto-llvm-3e1115.o(.text.main) refers to lto-llvm-3e1115.o(.text.GPIO_DigitalRemapConfig) for GPIO_DigitalRemapConfig
    lto-llvm-3e1115.o(.text.main) refers to lto-llvm-3e1115.o(.text.NVIC_Init) for NVIC_Init
    lto-llvm-3e1115.o(.text.main) refers to lto-llvm-3e1115.o(.bss..L_MergedGlobals) for [Anonymous Symbol]
    lto-llvm-3e1115.o(.ARM.exidx.text.main) refers to lto-llvm-3e1115.o(.text.main) for [Anonymous Symbol]
    lto-llvm-3e1115.o(.text.assert_failed) refers to lto-llvm-3e1115.o(.text.Uart_SendStr) for Uart_SendStr
    lto-llvm-3e1115.o(.ARM.exidx.text.assert_failed) refers to lto-llvm-3e1115.o(.text.assert_failed) for [Anonymous Symbol]
    lto-llvm-3e1115.o(.ARM.exidx.text.SystemInit) refers to lto-llvm-3e1115.o(.text.SystemInit) for [Anonymous Symbol]
    lto-llvm-3e1115.o(.ARM.exidx.text.fputc) refers to lto-llvm-3e1115.o(.text.fputc) for [Anonymous Symbol]
    lto-llvm-3e1115.o(.ARM.exidx.text.fgetc) refers to lto-llvm-3e1115.o(.text.fgetc) for [Anonymous Symbol]
    lto-llvm-3e1115.o(.text.GPIO_Init) refers to lto-llvm-3e1115.o(.text.assert_failed) for assert_failed
    lto-llvm-3e1115.o(.text.GPIO_Init) refers to lto-llvm-3e1115.o(.rodata.str1.1) for [Anonymous Symbol]
    lto-llvm-3e1115.o(.ARM.exidx.text.GPIO_Init) refers to lto-llvm-3e1115.o(.text.GPIO_Init) for [Anonymous Symbol]
    lto-llvm-3e1115.o(.text.GPIO_DigitalRemapConfig) refers to lto-llvm-3e1115.o(.text.assert_failed) for assert_failed
    lto-llvm-3e1115.o(.text.GPIO_DigitalRemapConfig) refers to lto-llvm-3e1115.o(.rodata.str1.1) for [Anonymous Symbol]
    lto-llvm-3e1115.o(.ARM.exidx.text.GPIO_DigitalRemapConfig) refers to lto-llvm-3e1115.o(.text.GPIO_DigitalRemapConfig) for [Anonymous Symbol]
    lto-llvm-3e1115.o(.text.TIM_TimeBaseInit) refers to lto-llvm-3e1115.o(.text.assert_failed) for assert_failed
    lto-llvm-3e1115.o(.text.TIM_TimeBaseInit) refers to lto-llvm-3e1115.o(.rodata.str1.1) for [Anonymous Symbol]
    lto-llvm-3e1115.o(.ARM.exidx.text.TIM_TimeBaseInit) refers to lto-llvm-3e1115.o(.text.TIM_TimeBaseInit) for [Anonymous Symbol]
    lto-llvm-3e1115.o(.text.NVIC_Init) refers to lto-llvm-3e1115.o(.text.assert_failed) for assert_failed
    lto-llvm-3e1115.o(.text.NVIC_Init) refers to lto-llvm-3e1115.o(.rodata.str1.1) for [Anonymous Symbol]
    lto-llvm-3e1115.o(.ARM.exidx.text.NVIC_Init) refers to lto-llvm-3e1115.o(.text.NVIC_Init) for [Anonymous Symbol]
    lto-llvm-3e1115.o(.ARM.exidx.text.NMI_Handler) refers to lto-llvm-3e1115.o(.text.NMI_Handler) for [Anonymous Symbol]
    lto-llvm-3e1115.o(.ARM.exidx.text.HardFault_Handler) refers to lto-llvm-3e1115.o(.text.HardFault_Handler) for [Anonymous Symbol]
    lto-llvm-3e1115.o(.ARM.exidx.text.SVC_Handler) refers to lto-llvm-3e1115.o(.text.SVC_Handler) for [Anonymous Symbol]
    lto-llvm-3e1115.o(.ARM.exidx.text.PendSV_Handler) refers to lto-llvm-3e1115.o(.text.PendSV_Handler) for [Anonymous Symbol]
    lto-llvm-3e1115.o(.ARM.exidx.text.SysTick_Handler) refers to lto-llvm-3e1115.o(.text.SysTick_Handler) for [Anonymous Symbol]
    lto-llvm-3e1115.o(.ARM.exidx.text.IMMC_Handler) refers to lto-llvm-3e1115.o(.text.IMMC_Handler) for [Anonymous Symbol]
    lto-llvm-3e1115.o(.ARM.exidx.text.EXTIA_Handler) refers to lto-llvm-3e1115.o(.text.EXTIA_Handler) for [Anonymous Symbol]
    lto-llvm-3e1115.o(.ARM.exidx.text.EXTIB_Handler) refers to lto-llvm-3e1115.o(.text.EXTIB_Handler) for [Anonymous Symbol]
    lto-llvm-3e1115.o(.ARM.exidx.text.EXTIC_Handler) refers to lto-llvm-3e1115.o(.text.EXTIC_Handler) for [Anonymous Symbol]
    lto-llvm-3e1115.o(.ARM.exidx.text.EXTID_Handler) refers to lto-llvm-3e1115.o(.text.EXTID_Handler) for [Anonymous Symbol]
    lto-llvm-3e1115.o(.ARM.exidx.text.TIM1_Handler) refers to lto-llvm-3e1115.o(.text.TIM1_Handler) for [Anonymous Symbol]
    lto-llvm-3e1115.o(.ARM.exidx.text.TIM4_Handler) refers to lto-llvm-3e1115.o(.text.TIM4_Handler) for [Anonymous Symbol]
    lto-llvm-3e1115.o(.ARM.exidx.text.PVD_Handler) refers to lto-llvm-3e1115.o(.text.PVD_Handler) for [Anonymous Symbol]
    lto-llvm-3e1115.o(.ARM.exidx.text.I2C0_Handler) refers to lto-llvm-3e1115.o(.text.I2C0_Handler) for [Anonymous Symbol]
    lto-llvm-3e1115.o(.ARM.exidx.text.SPI0_Handler) refers to lto-llvm-3e1115.o(.text.SPI0_Handler) for [Anonymous Symbol]
    lto-llvm-3e1115.o(.ARM.exidx.text.UART1_Handler) refers to lto-llvm-3e1115.o(.text.UART1_Handler) for [Anonymous Symbol]
    depilogue.o(i.__ARM_clz) refers (Special) to iusefp.o(.text) for __I$use$fp


==============================================================================

Removing Unused input sections from the image.

    Removing startup_pt32y003x.o(HEAP), (0 bytes).
    Removing lto-llvm-3e1115.o(.text), (0 bytes).
    Removing lto-llvm-3e1115.o(.ARM.exidx.text.ADC_Handler), (8 bytes).
    Removing lto-llvm-3e1115.o(.ARM.exidx.text.UART0_Handler), (8 bytes).
    Removing lto-llvm-3e1115.o(.ARM.exidx.text.Uart_SendData), (8 bytes).
    Removing lto-llvm-3e1115.o(.ARM.exidx.text.Uart_SendStr), (8 bytes).
    Removing lto-llvm-3e1115.o(.ARM.exidx.text.TIM2_Handler), (8 bytes).
    Removing lto-llvm-3e1115.o(.ARM.exidx.text.TIM3_Handler), (8 bytes).
    Removing lto-llvm-3e1115.o(.ARM.exidx.text.usTick_Delay), (8 bytes).
    Removing lto-llvm-3e1115.o(.ARM.exidx.text.crc16), (8 bytes).
    Removing lto-llvm-3e1115.o(.ARM.exidx.text.main), (8 bytes).
    Removing lto-llvm-3e1115.o(.ARM.exidx.text.assert_failed), (8 bytes).
    Removing lto-llvm-3e1115.o(.ARM.exidx.text.SystemInit), (8 bytes).
    Removing lto-llvm-3e1115.o(.text.fputc), (20 bytes).
    Removing lto-llvm-3e1115.o(.ARM.exidx.text.fputc), (8 bytes).
    Removing lto-llvm-3e1115.o(.text.fgetc), (20 bytes).
    Removing lto-llvm-3e1115.o(.ARM.exidx.text.fgetc), (8 bytes).
    Removing lto-llvm-3e1115.o(.ARM.exidx.text.GPIO_Init), (8 bytes).
    Removing lto-llvm-3e1115.o(.ARM.exidx.text.GPIO_DigitalRemapConfig), (8 bytes).
    Removing lto-llvm-3e1115.o(.ARM.exidx.text.TIM_TimeBaseInit), (8 bytes).
    Removing lto-llvm-3e1115.o(.ARM.exidx.text.NVIC_Init), (8 bytes).
    Removing lto-llvm-3e1115.o(.ARM.exidx.text.NMI_Handler), (8 bytes).
    Removing lto-llvm-3e1115.o(.ARM.exidx.text.HardFault_Handler), (8 bytes).
    Removing lto-llvm-3e1115.o(.ARM.exidx.text.SVC_Handler), (8 bytes).
    Removing lto-llvm-3e1115.o(.ARM.exidx.text.PendSV_Handler), (8 bytes).
    Removing lto-llvm-3e1115.o(.ARM.exidx.text.SysTick_Handler), (8 bytes).
    Removing lto-llvm-3e1115.o(.ARM.exidx.text.IMMC_Handler), (8 bytes).
    Removing lto-llvm-3e1115.o(.ARM.exidx.text.EXTIA_Handler), (8 bytes).
    Removing lto-llvm-3e1115.o(.ARM.exidx.text.EXTIB_Handler), (8 bytes).
    Removing lto-llvm-3e1115.o(.ARM.exidx.text.EXTIC_Handler), (8 bytes).
    Removing lto-llvm-3e1115.o(.ARM.exidx.text.EXTID_Handler), (8 bytes).
    Removing lto-llvm-3e1115.o(.ARM.exidx.text.TIM1_Handler), (8 bytes).
    Removing lto-llvm-3e1115.o(.ARM.exidx.text.TIM4_Handler), (8 bytes).
    Removing lto-llvm-3e1115.o(.ARM.exidx.text.PVD_Handler), (8 bytes).
    Removing lto-llvm-3e1115.o(.ARM.exidx.text.I2C0_Handler), (8 bytes).
    Removing lto-llvm-3e1115.o(.ARM.exidx.text.SPI0_Handler), (8 bytes).
    Removing lto-llvm-3e1115.o(.ARM.exidx.text.UART1_Handler), (8 bytes).
    Removing lto-llvm-3e1115.o(.ARM.use_no_argv), (4 bytes).

38 unused section(s) (total 308 bytes) removed from the image.

==============================================================================

Image Symbol Table

    Local Symbols

    Symbol Name                              Value     Ov Type        Size  Object(Section)

    ../clib/division.s                       0x00000000   Number         0  aeabi_sdiv.o ABSOLUTE
    ../clib/division.s                       0x00000000   Number         0  aeabi_sdiv_div0.o ABSOLUTE
    ../clib/microlib/division.c              0x00000000   Number         0  uidiv.o ABSOLUTE
    ../clib/microlib/division.c              0x00000000   Number         0  uldiv.o ABSOLUTE
    ../clib/microlib/division.c              0x00000000   Number         0  uidiv_div0.o ABSOLUTE
    ../clib/microlib/division.c              0x00000000   Number         0  idiv_div0.o ABSOLUTE
    ../clib/microlib/division.c              0x00000000   Number         0  idiv0.o ABSOLUTE
    ../clib/microlib/init/entry.s            0x00000000   Number         0  entry.o ABSOLUTE
    ../clib/microlib/init/entry.s            0x00000000   Number         0  entry2.o ABSOLUTE
    ../clib/microlib/init/entry.s            0x00000000   Number         0  entry5.o ABSOLUTE
    ../clib/microlib/init/entry.s            0x00000000   Number         0  entry7a.o ABSOLUTE
    ../clib/microlib/init/entry.s            0x00000000   Number         0  entry7b.o ABSOLUTE
    ../clib/microlib/init/entry.s            0x00000000   Number         0  entry8a.o ABSOLUTE
    ../clib/microlib/init/entry.s            0x00000000   Number         0  entry8b.o ABSOLUTE
    ../clib/microlib/init/entry.s            0x00000000   Number         0  entry9a.o ABSOLUTE
    ../clib/microlib/init/entry.s            0x00000000   Number         0  entry9b.o ABSOLUTE
    ../clib/microlib/init/entry.s            0x00000000   Number         0  entry10a.o ABSOLUTE
    ../clib/microlib/init/entry.s            0x00000000   Number         0  entry10b.o ABSOLUTE
    ../clib/microlib/init/entry.s            0x00000000   Number         0  entry11a.o ABSOLUTE
    ../clib/microlib/init/entry.s            0x00000000   Number         0  entry11b.o ABSOLUTE
    ../clib/microlib/longlong.c              0x00000000   Number         0  llshl.o ABSOLUTE
    ../clib/microlib/longlong.c              0x00000000   Number         0  llushr.o ABSOLUTE
    ../clib/microlib/longlong.c              0x00000000   Number         0  llsshr.o ABSOLUTE
    ../clib/microlib/printf/printf.c         0x00000000   Number         0  printfa.o ABSOLUTE
    ../clib/microlib/stdio/streams.c         0x00000000   Number         0  stdout.o ABSOLUTE
    ../clib/microlib/string/memset.c         0x00000000   Number         0  memseta.o ABSOLUTE
    ../clib/microlib/string/strncmp.c        0x00000000   Number         0  strncmp.o ABSOLUTE
    ../clib/microlib/stubs.s                 0x00000000   Number         0  iusefp.o ABSOLUTE
    ../fplib/microlib/fpadd.c                0x00000000   Number         0  dadd.o ABSOLUTE
    ../fplib/microlib/fpdiv.c                0x00000000   Number         0  ddiv.o ABSOLUTE
    ../fplib/microlib/fpepilogue.c           0x00000000   Number         0  depilogue.o ABSOLUTE
    ../fplib/microlib/fpfix.c                0x00000000   Number         0  dfixul.o ABSOLUTE
    ../fplib/microlib/fpmul.c                0x00000000   Number         0  dmul.o ABSOLUTE
    ..\Libraries\SYSTEM\startup_PT32Y003x.s  0x00000000   Number         0  startup_pt32y003x.o ABSOLUTE
    cdrcmple.s                               0x00000000   Number         0  cdrcmple.o ABSOLUTE
    dc.s                                     0x00000000   Number         0  dc.o ABSOLUTE
    handlers.s                               0x00000000   Number         0  handlers.o ABSOLUTE
    init.s                                   0x00000000   Number         0  init.o ABSOLUTE
    ld-temp.o                                0x00000000   Number         0  lto-llvm-3e1115.o ABSOLUTE
    RESET                                    0x00000000   Section      220  startup_pt32y003x.o(RESET)
    .ARM.Collect$$$$00000000                 0x000000dc   Section        0  entry.o(.ARM.Collect$$$$00000000)
    .ARM.Collect$$$$00000001                 0x000000dc   Section        4  entry2.o(.ARM.Collect$$$$00000001)
    .ARM.Collect$$$$00000004                 0x000000e0   Section        4  entry5.o(.ARM.Collect$$$$00000004)
    .ARM.Collect$$$$00000008                 0x000000e4   Section        0  entry7b.o(.ARM.Collect$$$$00000008)
    .ARM.Collect$$$$0000000A                 0x000000e4   Section        0  entry8b.o(.ARM.Collect$$$$0000000A)
    .ARM.Collect$$$$0000000B                 0x000000e4   Section        8  entry9a.o(.ARM.Collect$$$$0000000B)
    __lit__00000000                          0x000000ec   Data           4  entry2.o(.ARM.Collect$$$$00002712)
    .ARM.Collect$$$$0000000D                 0x000000ec   Section        0  entry10a.o(.ARM.Collect$$$$0000000D)
    .ARM.Collect$$$$0000000F                 0x000000ec   Section        0  entry11a.o(.ARM.Collect$$$$0000000F)
    .ARM.Collect$$$$00002712                 0x000000ec   Section        4  entry2.o(.ARM.Collect$$$$00002712)
    .text                                    0x000000f0   Section        0  uldiv.o(.text)
    .text                                    0x00000150   Section        0  iusefp.o(.text)
    .text                                    0x00000150   Section        0  dadd.o(.text)
    .text                                    0x000002b4   Section        0  dmul.o(.text)
    .text                                    0x00000384   Section        0  ddiv.o(.text)
    .text                                    0x00000474   Section        0  dfixul.o(.text)
    .text                                    0x000004b4   Section       40  cdrcmple.o(.text)
    .text                                    0x000004dc   Section       48  init.o(.text)
    .text                                    0x0000050c   Section        0  uidiv_div0.o(.text)
    .text                                    0x0000054a   Section        0  llshl.o(.text)
    .text                                    0x0000056a   Section        0  llushr.o(.text)
    .text                                    0x0000058c   Section        0  llsshr.o(.text)
    .text                                    0x000005b2   Section        0  depilogue.o(.text)
    .text                                    0x00000670   Section        0  memseta.o(.text)
    [Anonymous Symbol]                       0x00000694   Section        0  lto-llvm-3e1115.o(.text.ADC_Handler)
    __arm_cp.0_0                             0x000006c4   Number         4  lto-llvm-3e1115.o(.text.ADC_Handler)
    __arm_cp.0_1                             0x000006c8   Number         4  lto-llvm-3e1115.o(.text.ADC_Handler)
    [Anonymous Symbol]                       0x000006cc   Section        0  lto-llvm-3e1115.o(.text.EXTIA_Handler)
    [Anonymous Symbol]                       0x000006ce   Section        0  lto-llvm-3e1115.o(.text.EXTIB_Handler)
    [Anonymous Symbol]                       0x000006d0   Section        0  lto-llvm-3e1115.o(.text.EXTIC_Handler)
    [Anonymous Symbol]                       0x000006d2   Section        0  lto-llvm-3e1115.o(.text.EXTID_Handler)
    GPIO_DigitalRemapConfig                  0x000006d5   Thumb Code    56  lto-llvm-3e1115.o(.text.GPIO_DigitalRemapConfig)
    [Anonymous Symbol]                       0x000006d4   Section        0  lto-llvm-3e1115.o(.text.GPIO_DigitalRemapConfig)
    __arm_cp.14_0                            0x0000070c   Number         4  lto-llvm-3e1115.o(.text.GPIO_DigitalRemapConfig)
    GPIO_Init                                0x00000711   Thumb Code   124  lto-llvm-3e1115.o(.text.GPIO_Init)
    [Anonymous Symbol]                       0x00000710   Section        0  lto-llvm-3e1115.o(.text.GPIO_Init)
    __arm_cp.13_0                            0x0000078c   Number         4  lto-llvm-3e1115.o(.text.GPIO_Init)
    [Anonymous Symbol]                       0x00000790   Section        0  lto-llvm-3e1115.o(.text.HardFault_Handler)
    [Anonymous Symbol]                       0x00000792   Section        0  lto-llvm-3e1115.o(.text.I2C0_Handler)
    [Anonymous Symbol]                       0x00000794   Section        0  lto-llvm-3e1115.o(.text.IMMC_Handler)
    [Anonymous Symbol]                       0x00000796   Section        0  lto-llvm-3e1115.o(.text.NMI_Handler)
    NVIC_Init                                0x00000799   Thumb Code    80  lto-llvm-3e1115.o(.text.NVIC_Init)
    [Anonymous Symbol]                       0x00000798   Section        0  lto-llvm-3e1115.o(.text.NVIC_Init)
    __arm_cp.16_0                            0x000007e8   Number         4  lto-llvm-3e1115.o(.text.NVIC_Init)
    __arm_cp.16_1                            0x000007ec   Number         4  lto-llvm-3e1115.o(.text.NVIC_Init)
    __arm_cp.16_2                            0x000007f0   Number         4  lto-llvm-3e1115.o(.text.NVIC_Init)
    [Anonymous Symbol]                       0x000007f4   Section        0  lto-llvm-3e1115.o(.text.PVD_Handler)
    [Anonymous Symbol]                       0x000007f6   Section        0  lto-llvm-3e1115.o(.text.PendSV_Handler)
    [Anonymous Symbol]                       0x000007f8   Section        0  lto-llvm-3e1115.o(.text.SPI0_Handler)
    [Anonymous Symbol]                       0x000007fa   Section        0  lto-llvm-3e1115.o(.text.SVC_Handler)
    [Anonymous Symbol]                       0x000007fc   Section        0  lto-llvm-3e1115.o(.text.SysTick_Handler)
    [Anonymous Symbol]                       0x00000800   Section        0  lto-llvm-3e1115.o(.text.SystemInit)
    __arm_cp.10_0                            0x0000089c   Number         4  lto-llvm-3e1115.o(.text.SystemInit)
    __arm_cp.10_1                            0x000008a0   Number         4  lto-llvm-3e1115.o(.text.SystemInit)
    __arm_cp.10_2                            0x000008a4   Number         4  lto-llvm-3e1115.o(.text.SystemInit)
    [Anonymous Symbol]                       0x000008a8   Section        0  lto-llvm-3e1115.o(.text.TIM1_Handler)
    [Anonymous Symbol]                       0x000008ac   Section        0  lto-llvm-3e1115.o(.text.TIM2_Handler)
    [Anonymous Symbol]                       0x000008c8   Section        0  lto-llvm-3e1115.o(.text.TIM3_Handler)
    __arm_cp.5_1                             0x000008e4   Number         4  lto-llvm-3e1115.o(.text.TIM3_Handler)
    [Anonymous Symbol]                       0x000008e8   Section        0  lto-llvm-3e1115.o(.text.TIM4_Handler)
    TIM_TimeBaseInit                         0x000008ed   Thumb Code    72  lto-llvm-3e1115.o(.text.TIM_TimeBaseInit)
    [Anonymous Symbol]                       0x000008ec   Section        0  lto-llvm-3e1115.o(.text.TIM_TimeBaseInit)
    __arm_cp.15_0                            0x00000934   Number         4  lto-llvm-3e1115.o(.text.TIM_TimeBaseInit)
    __arm_cp.15_1                            0x00000938   Number         4  lto-llvm-3e1115.o(.text.TIM_TimeBaseInit)
    __arm_cp.15_2                            0x0000093c   Number         4  lto-llvm-3e1115.o(.text.TIM_TimeBaseInit)
    __arm_cp.15_3                            0x00000940   Number         4  lto-llvm-3e1115.o(.text.TIM_TimeBaseInit)
    [Anonymous Symbol]                       0x00000944   Section        0  lto-llvm-3e1115.o(.text.UART0_Handler)
    __arm_cp.1_1                             0x00000990   Number         4  lto-llvm-3e1115.o(.text.UART0_Handler)
    [Anonymous Symbol]                       0x00000994   Section        0  lto-llvm-3e1115.o(.text.UART1_Handler)
    Uart_SendData                            0x00000999   Thumb Code    32  lto-llvm-3e1115.o(.text.Uart_SendData)
    [Anonymous Symbol]                       0x00000998   Section        0  lto-llvm-3e1115.o(.text.Uart_SendData)
    __arm_cp.2_0                             0x000009b8   Number         4  lto-llvm-3e1115.o(.text.Uart_SendData)
    Uart_SendStr                             0x000009bd   Thumb Code    44  lto-llvm-3e1115.o(.text.Uart_SendStr)
    [Anonymous Symbol]                       0x000009bc   Section        0  lto-llvm-3e1115.o(.text.Uart_SendStr)
    __arm_cp.3_0                             0x000009e8   Number         4  lto-llvm-3e1115.o(.text.Uart_SendStr)
    assert_failed                            0x00000a1d   Thumb Code    10  lto-llvm-3e1115.o(.text.assert_failed)
    [Anonymous Symbol]                       0x00000a1c   Section        0  lto-llvm-3e1115.o(.text.assert_failed)
    crc16                                    0x00000a29   Thumb Code    48  lto-llvm-3e1115.o(.text.crc16)
    [Anonymous Symbol]                       0x00000a28   Section        0  lto-llvm-3e1115.o(.text.crc16)
    __arm_cp.7_0                             0x00000a58   Number         4  lto-llvm-3e1115.o(.text.crc16)
    __arm_cp.7_1                             0x00000a5c   Number         4  lto-llvm-3e1115.o(.text.crc16)
    [Anonymous Symbol]                       0x00000a60   Section        0  lto-llvm-3e1115.o(.text.main)
    __arm_cp.8_0                             0x00000dfc   Number         4  lto-llvm-3e1115.o(.text.main)
    __arm_cp.8_1                             0x00000e00   Number         4  lto-llvm-3e1115.o(.text.main)
    __arm_cp.8_2                             0x00000e04   Number         4  lto-llvm-3e1115.o(.text.main)
    __arm_cp.8_3                             0x00000e08   Number         4  lto-llvm-3e1115.o(.text.main)
    __arm_cp.8_4                             0x00000e0c   Number         4  lto-llvm-3e1115.o(.text.main)
    __arm_cp.8_5                             0x00000e10   Number         4  lto-llvm-3e1115.o(.text.main)
    __arm_cp.8_6                             0x00000e14   Number         4  lto-llvm-3e1115.o(.text.main)
    __arm_cp.8_7                             0x00000e18   Number         4  lto-llvm-3e1115.o(.text.main)
    __arm_cp.8_8                             0x00000e1c   Number         4  lto-llvm-3e1115.o(.text.main)
    __arm_cp.8_9                             0x00000e20   Number         4  lto-llvm-3e1115.o(.text.main)
    __arm_cp.8_10                            0x00000e24   Number         4  lto-llvm-3e1115.o(.text.main)
    __arm_cp.8_11                            0x00000e28   Number         4  lto-llvm-3e1115.o(.text.main)
    __arm_cp.8_12                            0x00000e2c   Number         4  lto-llvm-3e1115.o(.text.main)
    __arm_cp.8_13                            0x00000e30   Number         4  lto-llvm-3e1115.o(.text.main)
    __arm_cp.8_14                            0x00000e34   Number         4  lto-llvm-3e1115.o(.text.main)
    __arm_cp.8_15                            0x00000e38   Number         4  lto-llvm-3e1115.o(.text.main)
    __arm_cp.8_16                            0x00000e3c   Number         4  lto-llvm-3e1115.o(.text.main)
    __arm_cp.8_17                            0x00000e40   Number         4  lto-llvm-3e1115.o(.text.main)
    __arm_cp.8_18                            0x00000e44   Number         4  lto-llvm-3e1115.o(.text.main)
    __arm_cp.8_19                            0x00000e48   Number         4  lto-llvm-3e1115.o(.text.main)
    usTick_Delay                             0x00000e4d   Thumb Code    16  lto-llvm-3e1115.o(.text.usTick_Delay)
    [Anonymous Symbol]                       0x00000e4c   Section        0  lto-llvm-3e1115.o(.text.usTick_Delay)
    __arm_cp.6_0                             0x00000e5c   Number         4  lto-llvm-3e1115.o(.text.usTick_Delay)
    i.__0vsnprintf                           0x00000e60   Section        0  printfa.o(i.__0vsnprintf)
    i.__ARM_clz                              0x00000e90   Section        0  depilogue.o(i.__ARM_clz)
    i.__scatterload_copy                     0x00000ebe   Section       14  handlers.o(i.__scatterload_copy)
    i.__scatterload_null                     0x00000ecc   Section        2  handlers.o(i.__scatterload_null)
    i.__scatterload_zeroinit                 0x00000ece   Section       14  handlers.o(i.__scatterload_zeroinit)
    _fp_digits                               0x00000edd   Thumb Code   344  printfa.o(i._fp_digits)
    i._fp_digits                             0x00000edc   Section        0  printfa.o(i._fp_digits)
    _printf_core                             0x00001051   Thumb Code  1754  printfa.o(i._printf_core)
    i._printf_core                           0x00001050   Section        0  printfa.o(i._printf_core)
    _printf_post_padding                     0x0000173d   Thumb Code    32  printfa.o(i._printf_post_padding)
    i._printf_post_padding                   0x0000173c   Section        0  printfa.o(i._printf_post_padding)
    _printf_pre_padding                      0x0000175d   Thumb Code    44  printfa.o(i._printf_pre_padding)
    i._printf_pre_padding                    0x0000175c   Section        0  printfa.o(i._printf_pre_padding)
    _snputc                                  0x00001789   Thumb Code    22  printfa.o(i._snputc)
    i._snputc                                0x00001788   Section        0  printfa.o(i._snputc)
    [Anonymous Symbol]                       0x0000179e   Section        0  lto-llvm-3e1115.o(.rodata.str1.1)
    coolingDown                              0x20000000   Data           1  lto-llvm-3e1115.o(.bss..L_MergedGlobals)
    [Anonymous Symbol]                       0x20000000   Section        0  lto-llvm-3e1115.o(.bss..L_MergedGlobals)
    keyPressed                               0x20000001   Data           1  lto-llvm-3e1115.o(.bss..L_MergedGlobals)
    lastKey                                  0x20000002   Data           1  lto-llvm-3e1115.o(.bss..L_MergedGlobals)
    slide_antiStuckCheck.lastState           0x20000003   Data           1  lto-llvm-3e1115.o(.bss..L_MergedGlobals)
    gRevLen                                  0x20000004   Data           2  lto-llvm-3e1115.o(.bss..L_MergedGlobals)
    gLastRevTick                             0x20000008   Data           4  lto-llvm-3e1115.o(.bss..L_MergedGlobals)
    gOtherInts                               0x2000000c   Data           4  lto-llvm-3e1115.o(.bss..L_MergedGlobals)
    gTick                                    0x20000010   Data           4  lto-llvm-3e1115.o(.bss..L_MergedGlobals)
    main.slideTick                           0x20000014   Data           4  lto-llvm-3e1115.o(.bss..L_MergedGlobals)
    coolDownStartTime                        0x20000018   Data           4  lto-llvm-3e1115.o(.bss..L_MergedGlobals)
    slide_antiStuckCheck.lastCheckTick       0x2000001c   Data           4  lto-llvm-3e1115.o(.bss..L_MergedGlobals)
    slide_antiStuckCheck.lastStateChangeTick 0x20000020   Data           4  lto-llvm-3e1115.o(.bss..L_MergedGlobals)
    gSlideDetector                           0x20000024   Data          16  lto-llvm-3e1115.o(.bss..L_MergedGlobals)
    gRevBuf                                  0x20000034   Data          65  lto-llvm-3e1115.o(.bss..L_MergedGlobals)
    Uart_SendStr.buf                         0x20000075   Data         128  lto-llvm-3e1115.o(.bss.Uart_SendStr.buf)
    [Anonymous Symbol]                       0x20000075   Section        0  lto-llvm-3e1115.o(.bss.Uart_SendStr.buf)
    gUsTick                                  0x200000f8   Data           4  lto-llvm-3e1115.o(.bss.gUsTick)
    [Anonymous Symbol]                       0x200000f8   Section        0  lto-llvm-3e1115.o(.bss.gUsTick)
    STACK                                    0x20000100   Section      512  startup_pt32y003x.o(STACK)

    Global Symbols

    Symbol Name                              Value     Ov Type        Size  Object(Section)

    BuildAttributes$$THM_ISAv3M$S$PE$A:L22$X:L11$S22$IEEE1$IW$~IW$USESV6$~STKCKD$USESV7$~SHL$OSPACE$ROPI$IEEEF$EBA8$MICROLIB$REQ8$PRES8$EABIv2 0x00000000   Number         0  anon$$obj.o ABSOLUTE
    __Vectors                                0x00000000   Data           4  startup_pt32y003x.o(RESET)
    __cpp_initialize__aeabi_                  - Undefined Weak Reference
    __cxa_finalize                            - Undefined Weak Reference
    __decompress                              - Undefined Weak Reference
    _clock_init                               - Undefined Weak Reference
    _microlib_exit                            - Undefined Weak Reference
    Reset_Handler                            0x000000c1   Thumb Code     8  startup_pt32y003x.o(RESET)
    HSEFAIL_Handler                          0x000000d3   Thumb Code     0  startup_pt32y003x.o(RESET)
    __main                                   0x000000dd   Thumb Code     0  entry.o(.ARM.Collect$$$$00000000)
    _main_stk                                0x000000dd   Thumb Code     0  entry2.o(.ARM.Collect$$$$00000001)
    _main_scatterload                        0x000000e1   Thumb Code     0  entry5.o(.ARM.Collect$$$$00000004)
    __main_after_scatterload                 0x000000e5   Thumb Code     0  entry5.o(.ARM.Collect$$$$00000004)
    _main_clock                              0x000000e5   Thumb Code     0  entry7b.o(.ARM.Collect$$$$00000008)
    _main_cpp_init                           0x000000e5   Thumb Code     0  entry8b.o(.ARM.Collect$$$$0000000A)
    _main_init                               0x000000e5   Thumb Code     0  entry9a.o(.ARM.Collect$$$$0000000B)
    __rt_final_cpp                           0x000000ed   Thumb Code     0  entry10a.o(.ARM.Collect$$$$0000000D)
    __rt_final_exit                          0x000000ed   Thumb Code     0  entry11a.o(.ARM.Collect$$$$0000000F)
    __aeabi_uldivmod                         0x000000f1   Thumb Code    96  uldiv.o(.text)
    __I$use$fp                               0x00000151   Thumb Code     0  iusefp.o(.text)
    __aeabi_dadd                             0x00000151   Thumb Code   328  dadd.o(.text)
    __aeabi_dsub                             0x00000299   Thumb Code    12  dadd.o(.text)
    __aeabi_drsub                            0x000002a5   Thumb Code    12  dadd.o(.text)
    __aeabi_dmul                             0x000002b5   Thumb Code   202  dmul.o(.text)
    __aeabi_ddiv                             0x00000385   Thumb Code   234  ddiv.o(.text)
    __aeabi_d2ulz                            0x00000475   Thumb Code    54  dfixul.o(.text)
    __aeabi_cdrcmple                         0x000004b5   Thumb Code    38  cdrcmple.o(.text)
    __scatterload                            0x000004dd   Thumb Code    38  init.o(.text)
    __scatterload_rt2                        0x000004dd   Thumb Code     0  init.o(.text)
    __aeabi_uidiv                            0x0000050d   Thumb Code     0  uidiv_div0.o(.text)
    __aeabi_uidivmod                         0x0000050d   Thumb Code    62  uidiv_div0.o(.text)
    __aeabi_llsl                             0x0000054b   Thumb Code    32  llshl.o(.text)
    _ll_shift_l                              0x0000054b   Thumb Code     0  llshl.o(.text)
    __aeabi_llsr                             0x0000056b   Thumb Code    34  llushr.o(.text)
    _ll_ushift_r                             0x0000056b   Thumb Code     0  llushr.o(.text)
    __aeabi_lasr                             0x0000058d   Thumb Code    38  llsshr.o(.text)
    _ll_sshift_r                             0x0000058d   Thumb Code     0  llsshr.o(.text)
    _double_round                            0x000005b3   Thumb Code    26  depilogue.o(.text)
    _double_epilogue                         0x000005cd   Thumb Code   164  depilogue.o(.text)
    __aeabi_memset                           0x00000671   Thumb Code    14  memseta.o(.text)
    __aeabi_memset4                          0x00000671   Thumb Code     0  memseta.o(.text)
    __aeabi_memset8                          0x00000671   Thumb Code     0  memseta.o(.text)
    __aeabi_memclr                           0x0000067f   Thumb Code     4  memseta.o(.text)
    __aeabi_memclr4                          0x0000067f   Thumb Code     0  memseta.o(.text)
    __aeabi_memclr8                          0x0000067f   Thumb Code     0  memseta.o(.text)
    _memset$wrapper                          0x00000683   Thumb Code    18  memseta.o(.text)
    ADC_Handler                              0x00000695   Thumb Code    48  lto-llvm-3e1115.o(.text.ADC_Handler)
    EXTIA_Handler                            0x000006cd   Thumb Code     2  lto-llvm-3e1115.o(.text.EXTIA_Handler)
    EXTIB_Handler                            0x000006cf   Thumb Code     2  lto-llvm-3e1115.o(.text.EXTIB_Handler)
    EXTIC_Handler                            0x000006d1   Thumb Code     2  lto-llvm-3e1115.o(.text.EXTIC_Handler)
    EXTID_Handler                            0x000006d3   Thumb Code     2  lto-llvm-3e1115.o(.text.EXTID_Handler)
    HardFault_Handler                        0x00000791   Thumb Code     2  lto-llvm-3e1115.o(.text.HardFault_Handler)
    I2C0_Handler                             0x00000793   Thumb Code     2  lto-llvm-3e1115.o(.text.I2C0_Handler)
    IMMC_Handler                             0x00000795   Thumb Code     2  lto-llvm-3e1115.o(.text.IMMC_Handler)
    NMI_Handler                              0x00000797   Thumb Code     2  lto-llvm-3e1115.o(.text.NMI_Handler)
    PVD_Handler                              0x000007f5   Thumb Code     2  lto-llvm-3e1115.o(.text.PVD_Handler)
    PendSV_Handler                           0x000007f7   Thumb Code     2  lto-llvm-3e1115.o(.text.PendSV_Handler)
    SPI0_Handler                             0x000007f9   Thumb Code     2  lto-llvm-3e1115.o(.text.SPI0_Handler)
    SVC_Handler                              0x000007fb   Thumb Code     2  lto-llvm-3e1115.o(.text.SVC_Handler)
    SysTick_Handler                          0x000007fd   Thumb Code     2  lto-llvm-3e1115.o(.text.SysTick_Handler)
    SystemInit                               0x00000801   Thumb Code   156  lto-llvm-3e1115.o(.text.SystemInit)
    TIM1_Handler                             0x000008a9   Thumb Code     2  lto-llvm-3e1115.o(.text.TIM1_Handler)
    TIM2_Handler                             0x000008ad   Thumb Code    28  lto-llvm-3e1115.o(.text.TIM2_Handler)
    TIM3_Handler                             0x000008c9   Thumb Code    28  lto-llvm-3e1115.o(.text.TIM3_Handler)
    TIM4_Handler                             0x000008e9   Thumb Code     2  lto-llvm-3e1115.o(.text.TIM4_Handler)
    UART0_Handler                            0x00000945   Thumb Code    76  lto-llvm-3e1115.o(.text.UART0_Handler)
    UART1_Handler                            0x00000995   Thumb Code     2  lto-llvm-3e1115.o(.text.UART1_Handler)
    main                                     0x00000a61   Thumb Code   924  lto-llvm-3e1115.o(.text.main)
    __0vsnprintf                             0x00000e61   Thumb Code    44  printfa.o(i.__0vsnprintf)
    __1vsnprintf                             0x00000e61   Thumb Code     0  printfa.o(i.__0vsnprintf)
    __2vsnprintf                             0x00000e61   Thumb Code     0  printfa.o(i.__0vsnprintf)
    __c89vsnprintf                           0x00000e61   Thumb Code     0  printfa.o(i.__0vsnprintf)
    vsnprintf                                0x00000e61   Thumb Code     0  printfa.o(i.__0vsnprintf)
    __ARM_clz                                0x00000e91   Thumb Code    46  depilogue.o(i.__ARM_clz)
    __scatterload_copy                       0x00000ebf   Thumb Code    14  handlers.o(i.__scatterload_copy)
    __scatterload_null                       0x00000ecd   Thumb Code     2  handlers.o(i.__scatterload_null)
    __scatterload_zeroinit                   0x00000ecf   Thumb Code    14  handlers.o(i.__scatterload_zeroinit)
    Region$$Table$$Base                      0x00001834   Number         0  anon$$obj.o(Region$$Table)
    Region$$Table$$Limit                     0x00001844   Number         0  anon$$obj.o(Region$$Table)
    __initial_sp                             0x20000300   Data           0  startup_pt32y003x.o(STACK)



==============================================================================

Memory Map of the image

  Image Entry point : 0x000000dd

  Load Region LR_IROM1 (Base: 0x00000000, Size: 0x00001844, Max: 0x00008000, ABSOLUTE)

    Execution Region ER_IROM1 (Exec base: 0x00000000, Load base: 0x00000000, Size: 0x00001844, Max: 0x00008000, ABSOLUTE)

    Exec Addr    Load Addr    Size         Type   Attr      Idx    E Section Name        Object

    0x00000000   0x00000000   0x000000dc   Code   RO           13    RESET               startup_pt32y003x.o
    0x000000dc   0x000000dc   0x00000000   Code   RO           37  * .ARM.Collect$$$$00000000  mc_p.l(entry.o)
    0x000000dc   0x000000dc   0x00000004   Code   RO           70    .ARM.Collect$$$$00000001  mc_p.l(entry2.o)
    0x000000e0   0x000000e0   0x00000004   Code   RO           73    .ARM.Collect$$$$00000004  mc_p.l(entry5.o)
    0x000000e4   0x000000e4   0x00000000   Code   RO           75    .ARM.Collect$$$$00000008  mc_p.l(entry7b.o)
    0x000000e4   0x000000e4   0x00000000   Code   RO           77    .ARM.Collect$$$$0000000A  mc_p.l(entry8b.o)
    0x000000e4   0x000000e4   0x00000008   Code   RO           78    .ARM.Collect$$$$0000000B  mc_p.l(entry9a.o)
    0x000000ec   0x000000ec   0x00000000   Code   RO           80    .ARM.Collect$$$$0000000D  mc_p.l(entry10a.o)
    0x000000ec   0x000000ec   0x00000000   Code   RO           82    .ARM.Collect$$$$0000000F  mc_p.l(entry11a.o)
    0x000000ec   0x000000ec   0x00000004   Code   RO           71    .ARM.Collect$$$$00002712  mc_p.l(entry2.o)
    0x000000f0   0x000000f0   0x00000060   Code   RO           89    .text               mc_p.l(uldiv.o)
    0x00000150   0x00000150   0x00000000   Code   RO           91    .text               mc_p.l(iusefp.o)
    0x00000150   0x00000150   0x00000164   Code   RO           92    .text               mf_p.l(dadd.o)
    0x000002b4   0x000002b4   0x000000d0   Code   RO           94    .text               mf_p.l(dmul.o)
    0x00000384   0x00000384   0x000000f0   Code   RO           96    .text               mf_p.l(ddiv.o)
    0x00000474   0x00000474   0x00000040   Code   RO           98    .text               mf_p.l(dfixul.o)
    0x000004b4   0x000004b4   0x00000028   Code   RO          100    .text               mf_p.l(cdrcmple.o)
    0x000004dc   0x000004dc   0x00000030   Code   RO          102    .text               mc_p.l(init.o)
    0x0000050c   0x0000050c   0x0000003e   Code   RO          106    .text               mc_p.l(uidiv_div0.o)
    0x0000054a   0x0000054a   0x00000020   Code   RO          112    .text               mc_p.l(llshl.o)
    0x0000056a   0x0000056a   0x00000022   Code   RO          114    .text               mc_p.l(llushr.o)
    0x0000058c   0x0000058c   0x00000026   Code   RO          116    .text               mc_p.l(llsshr.o)
    0x000005b2   0x000005b2   0x000000be   Code   RO          118    .text               mf_p.l(depilogue.o)
    0x00000670   0x00000670   0x00000024   Code   RO          201    .text               mc_p.l(memseta.o)
    0x00000694   0x00000694   0x00000038   Code   RO          123    .text.ADC_Handler   lto-llvm-3e1115.o
    0x000006cc   0x000006cc   0x00000002   Code   RO          169    .text.EXTIA_Handler  lto-llvm-3e1115.o
    0x000006ce   0x000006ce   0x00000002   Code   RO          171    .text.EXTIB_Handler  lto-llvm-3e1115.o
    0x000006d0   0x000006d0   0x00000002   Code   RO          173    .text.EXTIC_Handler  lto-llvm-3e1115.o
    0x000006d2   0x000006d2   0x00000002   Code   RO          175    .text.EXTID_Handler  lto-llvm-3e1115.o
    0x000006d4   0x000006d4   0x0000003c   Code   RO          151    .text.GPIO_DigitalRemapConfig  lto-llvm-3e1115.o
    0x00000710   0x00000710   0x00000080   Code   RO          149    .text.GPIO_Init     lto-llvm-3e1115.o
    0x00000790   0x00000790   0x00000002   Code   RO          159    .text.HardFault_Handler  lto-llvm-3e1115.o
    0x00000792   0x00000792   0x00000002   Code   RO          183    .text.I2C0_Handler  lto-llvm-3e1115.o
    0x00000794   0x00000794   0x00000002   Code   RO          167    .text.IMMC_Handler  lto-llvm-3e1115.o
    0x00000796   0x00000796   0x00000002   Code   RO          157    .text.NMI_Handler   lto-llvm-3e1115.o
    0x00000798   0x00000798   0x0000005c   Code   RO          155    .text.NVIC_Init     lto-llvm-3e1115.o
    0x000007f4   0x000007f4   0x00000002   Code   RO          181    .text.PVD_Handler   lto-llvm-3e1115.o
    0x000007f6   0x000007f6   0x00000002   Code   RO          163    .text.PendSV_Handler  lto-llvm-3e1115.o
    0x000007f8   0x000007f8   0x00000002   Code   RO          185    .text.SPI0_Handler  lto-llvm-3e1115.o
    0x000007fa   0x000007fa   0x00000002   Code   RO          161    .text.SVC_Handler   lto-llvm-3e1115.o
    0x000007fc   0x000007fc   0x00000002   Code   RO          165    .text.SysTick_Handler  lto-llvm-3e1115.o
    0x000007fe   0x000007fe   0x00000002   PAD
    0x00000800   0x00000800   0x000000a8   Code   RO          143    .text.SystemInit    lto-llvm-3e1115.o
    0x000008a8   0x000008a8   0x00000002   Code   RO          177    .text.TIM1_Handler  lto-llvm-3e1115.o
    0x000008aa   0x000008aa   0x00000002   PAD
    0x000008ac   0x000008ac   0x0000001c   Code   RO          131    .text.TIM2_Handler  lto-llvm-3e1115.o
    0x000008c8   0x000008c8   0x00000020   Code   RO          133    .text.TIM3_Handler  lto-llvm-3e1115.o
    0x000008e8   0x000008e8   0x00000002   Code   RO          179    .text.TIM4_Handler  lto-llvm-3e1115.o
    0x000008ea   0x000008ea   0x00000002   PAD
    0x000008ec   0x000008ec   0x00000058   Code   RO          153    .text.TIM_TimeBaseInit  lto-llvm-3e1115.o
    0x00000944   0x00000944   0x00000050   Code   RO          125    .text.UART0_Handler  lto-llvm-3e1115.o
    0x00000994   0x00000994   0x00000002   Code   RO          187    .text.UART1_Handler  lto-llvm-3e1115.o
    0x00000996   0x00000996   0x00000002   PAD
    0x00000998   0x00000998   0x00000024   Code   RO          127    .text.Uart_SendData  lto-llvm-3e1115.o
    0x000009bc   0x000009bc   0x00000060   Code   RO          129    .text.Uart_SendStr  lto-llvm-3e1115.o
    0x00000a1c   0x00000a1c   0x0000000a   Code   RO          141    .text.assert_failed  lto-llvm-3e1115.o
    0x00000a26   0x00000a26   0x00000002   PAD
    0x00000a28   0x00000a28   0x00000038   Code   RO          137    .text.crc16         lto-llvm-3e1115.o
    0x00000a60   0x00000a60   0x000003ec   Code   RO          139    .text.main          lto-llvm-3e1115.o
    0x00000e4c   0x00000e4c   0x00000014   Code   RO          135    .text.usTick_Delay  lto-llvm-3e1115.o
    0x00000e60   0x00000e60   0x00000030   Code   RO           48    i.__0vsnprintf      mc_p.l(printfa.o)
    0x00000e90   0x00000e90   0x0000002e   Code   RO          120    i.__ARM_clz         mf_p.l(depilogue.o)
    0x00000ebe   0x00000ebe   0x0000000e   Code   RO          205    i.__scatterload_copy  mc_p.l(handlers.o)
    0x00000ecc   0x00000ecc   0x00000002   Code   RO          206    i.__scatterload_null  mc_p.l(handlers.o)
    0x00000ece   0x00000ece   0x0000000e   Code   RO          207    i.__scatterload_zeroinit  mc_p.l(handlers.o)
    0x00000edc   0x00000edc   0x00000174   Code   RO           50    i._fp_digits        mc_p.l(printfa.o)
    0x00001050   0x00001050   0x000006ec   Code   RO           51    i._printf_core      mc_p.l(printfa.o)
    0x0000173c   0x0000173c   0x00000020   Code   RO           52    i._printf_post_padding  mc_p.l(printfa.o)
    0x0000175c   0x0000175c   0x0000002c   Code   RO           53    i._printf_pre_padding  mc_p.l(printfa.o)
    0x00001788   0x00001788   0x00000016   Code   RO           54    i._snputc           mc_p.l(printfa.o)
    0x0000179e   0x0000179e   0x00000095   Data   RO          192    .rodata.str1.1      lto-llvm-3e1115.o
    0x00001833   0x00001833   0x00000001   PAD
    0x00001834   0x00001834   0x00000010   Data   RO          204    Region$$Table       anon$$obj.o


    Execution Region RW_IRAM1 (Exec base: 0x20000000, Load base: 0x00001844, Size: 0x00000300, Max: 0x00000800, ABSOLUTE)

    Exec Addr    Load Addr    Size         Type   Attr      Idx    E Section Name        Object

    0x20000000        -       0x00000075   Zero   RW          193    .bss..L_MergedGlobals  lto-llvm-3e1115.o
    0x20000075        -       0x00000080   Zero   RW          189    .bss.Uart_SendStr.buf  lto-llvm-3e1115.o
    0x200000f5   0x00001844   0x00000003   PAD
    0x200000f8        -       0x00000004   Zero   RW          190    .bss.gUsTick        lto-llvm-3e1115.o
    0x200000fc   0x00001844   0x00000004   PAD
    0x20000100        -       0x00000200   Zero   RW           11    STACK               startup_pt32y003x.o


==============================================================================

Image component sizes


      Code (inc. data)   RO Data    RW Data    ZI Data      Debug   Object Name

      1986        212        149          0        249      32540   lto-llvm-3e1115.o
       220        200          0          0        512        636   startup_pt32y003x.o

    ----------------------------------------------------------------------
      2216        412        166          0        768      33176   Object Totals
         0          0         16          0          0          0   (incl. Generated)
        10          0          1          0          7          0   (incl. Padding)

    ----------------------------------------------------------------------

      Code (inc. data)   RO Data    RW Data    ZI Data      Debug   Library Member Name

         0          0          0          0          0          0   entry.o
         0          0          0          0          0          0   entry10a.o
         0          0          0          0          0          0   entry11a.o
         8          4          0          0          0          0   entry2.o
         4          0          0          0          0          0   entry5.o
         0          0          0          0          0          0   entry7b.o
         0          0          0          0          0          0   entry8b.o
         8          4          0          0          0          0   entry9a.o
        30          0          0          0          0          0   handlers.o
        48         10          0          0          0         68   init.o
         0          0          0          0          0          0   iusefp.o
        32          0          0          0          0         68   llshl.o
        38          0          0          0          0         68   llsshr.o
        34          0          0          0          0         68   llushr.o
        36          0          0          0          0        100   memseta.o
      2290         94          0          0          0        460   printfa.o
        62          0          0          0          0         72   uidiv_div0.o
        96          0          0          0          0         84   uldiv.o
        40          2          0          0          0         68   cdrcmple.o
       356          4          0          0          0        140   dadd.o
       240          6          0          0          0         84   ddiv.o
       236          0          0          0          0        216   depilogue.o
        64         10          0          0          0         68   dfixul.o
       208          6          0          0          0         88   dmul.o

    ----------------------------------------------------------------------
      3830        140          0          0          0       1652   Library Totals
         0          0          0          0          0          0   (incl. Padding)

    ----------------------------------------------------------------------

      Code (inc. data)   RO Data    RW Data    ZI Data      Debug   Library Name

      2686        112          0          0          0        988   mc_p.l
      1144         28          0          0          0        664   mf_p.l

    ----------------------------------------------------------------------
      3830        140          0          0          0       1652   Library Totals

    ----------------------------------------------------------------------

==============================================================================


      Code (inc. data)   RO Data    RW Data    ZI Data      Debug   

      6046        552        166          0        768      34180   Grand Totals
      6046        552        166          0        768      34180   ELF Image Totals
      6046        552        166          0          0          0   ROM Totals

==============================================================================

    Total RO  Size (Code + RO Data)                 6212 (   6.07kB)
    Total RW  Size (RW Data + ZI Data)               768 (   0.75kB)
    Total ROM Size (Code + RO Data + RW Data)       6212 (   6.07kB)

==============================================================================

